15:40:56.077 > === ECU State ===
15:40:56.077 > car_fully_on: false
15:40:56.077 > start_switch_on: false
15:40:56.077 > brake_pressure: 2
15:40:56.077 > calculated_torque: 32
15:40:56.077 > throttle1_pos: (none)
15:40:56.077 > throttle2_pos: (none)
15:40:56.077 > startup_countdown: not started
15:40:56.077 > motor_control_message_pacing: started
15:40:56.573 > === ECU State ===
15:40:56.573 > car_fully_on: false
15:40:56.573 > start_switch_on: false
15:40:56.573 > brake_pressure: 0
15:40:56.573 > calculated_torque: 32
15:40:56.573 > throttle1_pos: (none)
15:40:56.573 > throttle2_pos: (none)
15:40:56.573 > startup_countdown: not started
15:40:56.573 > motor_control_message_pacing: started
15:40:57.063 > === ECU State ===
15:40:57.080 > car_fully_on: false
15:40:57.080 > start_switch_on: false
15:40:57.080 > brake_pressure: 0
15:40:57.080 > calculated_torque: 33
15:40:57.080 > throttle1_pos: (none)
15:40:57.080 > throttle2_pos: (none)
15:40:57.080 > startup_countdown: not started
15:40:57.080 > motor_control_message_pacing: started
15:40:57.577 > === ECU State ===
15:40:57.577 > car_fully_on: false
15:40:57.577 > start_switch_on: false
15:40:57.577 > brake_pressure: 1
15:40:57.577 > calculated_torque: 33
15:40:57.577 > throttle1_pos: (none)
15:40:57.577 > throttle2_pos: (none)
15:40:57.577 > startup_countdown: not started
15:40:57.577 > motor_control_message_pacing: started
15:40:58.075 > === ECU State ===
15:40:58.075 > car_fully_on: false
15:40:58.075 > start_switch_on: false
15:40:58.075 > brake_pressure: 1
15:40:58.075 > calculated_torque: 32
15:40:58.075 > throttle1_pos: (none)
15:40:58.075 > throttle2_pos: (none)
15:40:58.075 > startup_countdown: not started
15:40:58.075 > motor_control_message_pacing: started
15:40:58.579 > === ECU State ===
15:40:58.580 > car_fully_on: false
15:40:58.580 > start_switch_on: false
15:40:58.580 > brake_pressure: 1
15:40:58.580 > calculated_torque: 32
15:40:58.580 > throttle1_pos: (none)
15:40:58.580 > throttle2_pos: (none)
15:40:58.580 > startup_countdown: not started
15:40:58.580 > motor_control_message_pacing: started
15:40:59.074 > === ECU State ===
15:40:59.074 > car_fully_on: false
15:40:59.074 > start_switch_on: false
15:40:59.074 > brake_pressure: 1
15:40:59.074 > calculated_torque: 32
15:40:59.074 > throttle1_pos: (none)
15:40:59.074 > throttle2_pos: (none)
15:40:59.074 > startup_countdown: not started
15:40:59.074 > motor_control_message_pacing: started
15:40:59.574 > === ECU State ===
15:40:59.579 > car_fully_on: false
15:40:59.579 > start_switch_on: false
15:40:59.579 > brake_pressure: 1
15:40:59.579 > calculated_torque: 32
15:40:59.579 > throttle1_pos: (none)
15:40:59.579 > throttle2_pos: (none)
15:40:59.579 > startup_countdown: not started
15:40:59.579 > motor_control_message_pacing: started
15:41:00.078 > === ECU State ===
15:41:00.078 > car_fully_on: false
15:41:00.078 > start_switch_on: false
15:41:00.078 > brake_pressure: 1
15:41:00.078 > calculated_torque: 32
15:41:00.078 > throttle1_pos: (none)
15:41:00.078 > throttle2_pos: (none)
15:41:00.078 > startup_countdown: not started
15:41:00.078 > motor_control_message_pacing: started
15:41:00.577 > === ECU State ===
15:41:00.577 > car_fully_on: false
15:41:00.577 > start_switch_on: false
15:41:00.577 > brake_pressure: 1
15:41:00.577 > calculated_torque: 32
15:41:00.577 > throttle1_pos: (none)
15:41:00.577 > throttle2_pos: (none)
15:41:00.577 > startup_countdown: not started
15:41:00.577 > motor_control_message_pacing: started
15:41:01.065 > === ECU State ===
15:41:01.065 > car_fully_on: false
15:41:01.065 > start_switch_on: false
15:41:01.065 > brake_pressure: 1
15:41:01.065 > calculated_torque: 32
15:41:01.065 > throttle1_pos: (none)
15:41:01.065 > throttle2_pos: (none)
15:41:01.065 > startup_countdown: not started
15:41:01.065 > motor_control_message_pacing: started
15:41:01.577 > === ECU State ===
15:41:01.577 > car_fully_on: false
15:41:01.577 > start_switch_on: false
15:41:01.577 > brake_pressure: 1
15:41:01.577 > calculated_torque: 32
15:41:01.577 > throttle1_pos: (none)
15:41:01.577 > throttle2_pos: (none)
15:41:01.577 > startup_countdown: not started
15:41:01.577 > motor_control_message_pacing: started
15:41:02.074 > === ECU State ===
15:41:02.074 > car_fully_on: false
15:41:02.074 > start_switch_on: false
15:41:02.074 > brake_pressure: 1
15:41:02.074 > calculated_torque: 32
15:41:02.074 > throttle1_pos: (none)
15:41:02.074 > throttle2_pos: (none)
15:41:02.074 > startup_countdown: not started
15:41:02.074 > motor_control_message_pacing: started
15:41:02.572 > === ECU State ===
15:41:02.572 > car_fully_on: false
15:41:02.572 > start_switch_on: false
15:41:02.572 > brake_pressure: 1
15:41:02.572 > calculated_torque: 32
15:41:02.572 > throttle1_pos: (none)
15:41:02.572 > throttle2_pos: (none)
15:41:02.572 > startup_countdown: not started
15:41:02.572 > motor_control_message_pacing: started
15:41:03.070 > === ECU State ===
15:41:03.070 > car_fully_on: false
15:41:03.070 > start_switch_on: false
15:41:03.070 > brake_pressure: 1
15:41:03.070 > calculated_torque: 32
15:41:03.070 > throttle1_pos: (none)
15:41:03.070 > throttle2_pos: (none)
15:41:03.070 > startup_countdown: not started
15:41:03.070 > motor_control_message_pacing: started
15:41:03.574 > === ECU State ===
15:41:03.574 > car_fully_on: false
15:41:03.574 > start_switch_on: false
15:41:03.574 > brake_pressure: 1
15:41:03.574 > calculated_torque: 32
15:41:03.574 > throttle1_pos: (none)
15:41:03.574 > throttle2_pos: (none)
15:41:03.574 > startup_countdown: not started
15:41:03.574 > motor_control_message_pacing: started
15:41:04.078 > === ECU State ===
15:41:04.078 > car_fully_on: false
15:41:04.078 > start_switch_on: false
15:41:04.078 > brake_pressure: 1
15:41:04.078 > calculated_torque: 32
15:41:04.078 > throttle1_pos: (none)
15:41:04.078 > throttle2_pos: (none)
15:41:04.078 > startup_countdown: not started
15:41:04.078 > motor_control_message_pacing: started
15:41:04.577 > === ECU State ===
15:41:04.577 > car_fully_on: false
15:41:04.577 > start_switch_on: false
15:41:04.577 > brake_pressure: 1
15:41:04.577 > calculated_torque: 32
15:41:04.577 > throttle1_pos: (none)
15:41:04.577 > throttle2_pos: (none)
15:41:04.577 > startup_countdown: not started
15:41:04.577 > motor_control_message_pacing: started
15:41:05.072 > === ECU State ===
15:41:05.080 > car_fully_on: false
15:41:05.080 > start_switch_on: false
15:41:05.080 > brake_pressure: 1
15:41:05.080 > calculated_torque: 32
15:41:05.080 > throttle1_pos: (none)
15:41:05.080 > throttle2_pos: (none)
15:41:05.080 > startup_countdown: not started
15:41:05.080 > motor_control_message_pacing: started
15:41:05.577 > === ECU State ===
15:41:05.577 > car_fully_on: false
15:41:05.577 > start_switch_on: false
15:41:05.577 > brake_pressure: 0
15:41:05.577 > calculated_torque: 32
15:41:05.577 > throttle1_pos: (none)
15:41:05.577 > throttle2_pos: (none)
15:41:05.577 > startup_countdown: not started
15:41:05.577 > motor_control_message_pacing: started
15:41:06.077 > === ECU State ===
15:41:06.077 > car_fully_on: false
15:41:06.077 > start_switch_on: false
15:41:06.077 > brake_pressure: 1
15:41:06.077 > calculated_torque: 32
15:41:06.077 > throttle1_pos: (none)
15:41:06.077 > throttle2_pos: (none)
15:41:06.077 > startup_countdown: not started
15:41:06.077 > motor_control_message_pacing: started
15:41:06.571 > === ECU State ===
15:41:06.571 > car_fully_on: false
15:41:06.571 > start_switch_on: false
15:41:06.571 > brake_pressure: 2
15:41:06.571 > calculated_torque: 32
15:41:06.571 > throttle1_pos: (none)
15:41:06.571 > throttle2_pos: (none)
15:41:06.571 > startup_countdown: not started
15:41:06.571 > motor_control_message_pacing: started
15:41:07.078 > === ECU State ===
15:41:07.079 > car_fully_on: false
15:41:07.079 > start_switch_on: false
15:41:07.079 > brake_pressure: 1
15:41:07.079 > calculated_torque: 32
15:41:07.079 > throttle1_pos: (none)
15:41:07.079 > throttle2_pos: (none)
15:41:07.079 > startup_countdown: not started
15:41:07.079 > motor_control_message_pacing: started
15:41:07.567 > === ECU State ===
15:41:07.567 > car_fully_on: false
15:41:07.567 > start_switch_on: false
15:41:07.567 > brake_pressure: 1
15:41:07.567 > calculated_torque: 32
15:41:07.567 > throttle1_pos: (none)
15:41:07.567 > throttle2_pos: (none)
15:41:07.567 > startup_countdown: not started
15:41:07.567 > motor_control_message_pacing: started
15:41:08.064 > === ECU State ===
15:41:08.064 > car_fully_on: false
15:41:08.064 > start_switch_on: false
15:41:08.064 > brake_pressure: 1
15:41:08.064 > calculated_torque: 32
15:41:08.064 > throttle1_pos: (none)
15:41:08.064 > throttle2_pos: (none)
15:41:08.064 > startup_countdown: not started
15:41:08.064 > motor_control_message_pacing: started
15:41:08.572 > === ECU State ===
15:41:08.572 > car_fully_on: false
15:41:08.572 > start_switch_on: false
15:41:08.572 > brake_pressure: 1
15:41:08.572 > calculated_torque: 33
15:41:08.572 > throttle1_pos: (none)
15:41:08.572 > throttle2_pos: (none)
15:41:08.572 > startup_countdown: not started
15:41:08.572 > motor_control_message_pacing: started
15:41:09.078 > === ECU State ===
15:41:09.078 > car_fully_on: false
15:41:09.078 > start_switch_on: false
15:41:09.078 > brake_pressure: 1
15:41:09.078 > calculated_torque: 32
15:41:09.078 > throttle1_pos: (none)
15:41:09.078 > throttle2_pos: (none)
15:41:09.078 > startup_countdown: not started
15:41:09.078 > motor_control_message_pacing: started
15:41:09.578 > === ECU State ===
15:41:09.578 > car_fully_on: false
15:41:09.578 > start_switch_on: false
15:41:09.578 > brake_pressure: 1
15:41:09.578 > calculated_torque: 32
15:41:09.578 > throttle1_pos: (none)
15:41:09.578 > throttle2_pos: (none)
15:41:09.578 > startup_countdown: not started
15:41:09.578 > motor_control_message_pacing: started
15:41:10.077 > === ECU State ===
15:41:10.077 > car_fully_on: false
15:41:10.077 > start_switch_on: false
15:41:10.077 > brake_pressure: 2
15:41:10.077 > calculated_torque: 32
15:41:10.077 > throttle1_pos: (none)
15:41:10.077 > throttle2_pos: (none)
15:41:10.077 > startup_countdown: not started
15:41:10.077 > motor_control_message_pacing: started
15:41:10.576 > === ECU State ===
15:41:10.576 > car_fully_on: false
15:41:10.576 > start_switch_on: false
15:41:10.576 > brake_pressure: 0
15:41:10.576 > calculated_torque: 32
15:41:10.576 > throttle1_pos: (none)
15:41:10.576 > throttle2_pos: (none)
15:41:10.576 > startup_countdown: not started
15:41:10.576 > motor_control_message_pacing: started
15:41:11.072 > === ECU State ===
15:41:11.072 > car_fully_on: false
15:41:11.072 > start_switch_on: false
15:41:11.072 > brake_pressure: 1
15:41:11.072 > calculated_torque: 32
15:41:11.072 > throttle1_pos: (none)
15:41:11.072 > throttle2_pos: (none)
15:41:11.072 > startup_countdown: not started
15:41:11.072 > motor_control_message_pacing: started
15:41:11.577 > === ECU State ===
15:41:11.577 > car_fully_on: false
15:41:11.577 > start_switch_on: false
15:41:11.577 > brake_pressure: 1
15:41:11.577 > calculated_torque: 32
15:41:11.577 > throttle1_pos: (none)
15:41:11.577 > throttle2_pos: (none)
15:41:11.577 > startup_countdown: not started
15:41:11.577 > motor_control_message_pacing: started
15:41:12.075 > === ECU State ===
15:41:12.075 > car_fully_on: false
15:41:12.075 > start_switch_on: false
15:41:12.075 > brake_pressure: 1
15:41:12.075 > calculated_torque: 32
15:41:12.075 > throttle1_pos: (none)
15:41:12.075 > throttle2_pos: (none)
15:41:12.075 > startup_countdown: not started
15:41:12.075 > motor_control_message_pacing: started
15:41:12.579 > === ECU State ===
15:41:12.579 > car_fully_on: false
15:41:12.579 > start_switch_on: false
15:41:12.579 > brake_pressure: 1
15:41:12.579 > calculated_torque: 32
15:41:12.579 > throttle1_pos: (none)
15:41:12.579 > throttle2_pos: (none)
15:41:12.579 > startup_countdown: not started
15:41:12.579 > motor_control_message_pacing: started
15:41:13.076 > === ECU State ===
15:41:13.076 > car_fully_on: false
15:41:13.076 > start_switch_on: false
15:41:13.076 > brake_pressure: 1
15:41:13.076 > calculated_torque: 32
15:41:13.076 > throttle1_pos: (none)
15:41:13.076 > throttle2_pos: (none)
15:41:13.076 > startup_countdown: not started
15:41:13.076 > motor_control_message_pacing: started
15:41:13.578 > === ECU State ===
15:41:13.578 > car_fully_on: false
15:41:13.578 > start_switch_on: false
15:41:13.578 > brake_pressure: 1
15:41:13.578 > calculated_torque: 32
15:41:13.578 > throttle1_pos: (none)
15:41:13.578 > throttle2_pos: (none)
15:41:13.578 > startup_countdown: not started
15:41:13.578 > motor_control_message_pacing: started
