15:36:22.661 > === ECU State ===
15:36:22.661 > car_fully_on: false
15:36:22.661 > start_switch_on: false
15:36:22.661 > brake_pressure: 1
15:36:22.661 > calculated_torque: 32
15:36:22.661 > throttle1_pos: (none)
15:36:22.661 > throttle2_pos: (none)
15:36:22.661 > startup_countdown: not started
15:36:22.661 > motor_control_message_pacing: started
15:36:23.164 > === ECU State ===
15:36:23.165 > car_fully_on: false
15:36:23.165 > start_switch_on: false
15:36:23.165 > brake_pressure: 2
15:36:23.165 > calculated_torque: 32
15:36:23.165 > throttle1_pos: (none)
15:36:23.165 > throttle2_pos: (none)
15:36:23.165 > startup_countdown: not started
15:36:23.165 > motor_control_message_pacing: started
15:36:23.662 > === ECU State ===
15:36:23.665 > car_fully_on: false
15:36:23.665 > start_switch_on: false
15:36:23.665 > brake_pressure: 1
15:36:23.665 > calculated_torque: 32
15:36:23.665 > throttle1_pos: (none)
15:36:23.665 > throttle2_pos: (none)
15:36:23.665 > startup_countdown: not started
15:36:23.665 > motor_control_message_pacing: started
15:36:24.164 > === ECU State ===
15:36:24.165 > car_fully_on: false
15:36:24.165 > start_switch_on: false
15:36:24.165 > brake_pressure: 1
15:36:24.165 > calculated_torque: 32
15:36:24.165 > throttle1_pos: (none)
15:36:24.165 > throttle2_pos: (none)
15:36:24.165 > startup_countdown: not started
15:36:24.165 > motor_control_message_pacing: started
15:36:24.658 > === ECU State ===
15:36:24.665 > car_fully_on: false
15:36:24.665 > start_switch_on: false
15:36:24.665 > brake_pressure: 1
15:36:24.665 > calculated_torque: 32
15:36:24.665 > throttle1_pos: (none)
15:36:24.665 > throttle2_pos: (none)
15:36:24.665 > startup_countdown: not started
15:36:24.665 > motor_control_message_pacing: started
15:36:25.158 > === ECU State ===
15:36:25.165 > car_fully_on: false
15:36:25.165 > start_switch_on: false
15:36:25.165 > brake_pressure: 1
15:36:25.165 > calculated_torque: 32
15:36:25.165 > throttle1_pos: (none)
15:36:25.165 > throttle2_pos: (none)
15:36:25.165 > startup_countdown: not started
15:36:25.165 > motor_control_message_pacing: started
15:36:25.664 > === ECU State ===
15:36:25.664 > car_fully_on: false
15:36:25.664 > start_switch_on: false
15:36:25.664 > brake_pressure: 1
15:36:25.664 > calculated_torque: 32
15:36:25.664 > throttle1_pos: (none)
15:36:25.664 > throttle2_pos: (none)
15:36:25.664 > startup_countdown: not started
15:36:25.664 > motor_control_message_pacing: started
15:36:26.164 > === ECU State ===
15:36:26.165 > car_fully_on: false
15:36:26.165 > start_switch_on: false
15:36:26.165 > brake_pressure: 1
15:36:26.165 > calculated_torque: 32
15:36:26.165 > throttle1_pos: (none)
15:36:26.165 > throttle2_pos: (none)
15:36:26.165 > startup_countdown: not started
15:36:26.165 > motor_control_message_pacing: started
15:36:26.655 > === ECU State ===
15:36:26.665 > car_fully_on: false
15:36:26.665 > start_switch_on: false
15:36:26.665 > brake_pressure: 1
15:36:26.665 > calculated_torque: 33
15:36:26.665 > throttle1_pos: (none)
15:36:26.665 > throttle2_pos: (none)
15:36:26.665 > startup_countdown: not started
15:36:26.665 > motor_control_message_pacing: started
15:36:27.160 > === ECU State ===
15:36:27.160 > car_fully_on: false
15:36:27.160 > start_switch_on: false
15:36:27.160 > brake_pressure: 1
15:36:27.160 > calculated_torque: 32
15:36:27.160 > throttle1_pos: (none)
15:36:27.160 > throttle2_pos: (none)
15:36:27.160 > startup_countdown: not started
15:36:27.160 > motor_control_message_pacing: started
15:36:27.655 > === ECU State ===
15:36:27.655 > car_fully_on: false
15:36:27.655 > start_switch_on: false
15:36:27.655 > brake_pressure: 1
15:36:27.655 > calculated_torque: 32
15:36:27.655 > throttle1_pos: (none)
15:36:27.655 > throttle2_pos: (none)
15:36:27.655 > startup_countdown: not started
15:36:27.655 > motor_control_message_pacing: started
15:36:28.160 > === ECU State ===
15:36:28.160 > car_fully_on: false
15:36:28.160 > start_switch_on: false
15:36:28.160 > brake_pressure: 2
15:36:28.160 > calculated_torque: 32
15:36:28.160 > throttle1_pos: (none)
15:36:28.160 > throttle2_pos: (none)
15:36:28.160 > startup_countdown: not started
15:36:28.160 > motor_control_message_pacing: started
15:36:28.655 > === ECU State ===
15:36:28.665 > car_fully_on: false
15:36:28.665 > start_switch_on: false
15:36:28.665 > brake_pressure: 1
15:36:28.665 > calculated_torque: 33
15:36:28.665 > throttle1_pos: (none)
15:36:28.665 > throttle2_pos: (none)
15:36:28.665 > startup_countdown: not started
15:36:28.665 > motor_control_message_pacing: started
15:36:29.164 > === ECU State ===
15:36:29.164 > car_fully_on: false
15:36:29.164 > start_switch_on: false
15:36:29.164 > brake_pressure: 1
15:36:29.164 > calculated_torque: 32
15:36:29.164 > throttle1_pos: (none)
15:36:29.164 > throttle2_pos: (none)
15:36:29.164 > startup_countdown: not started
15:36:29.164 > motor_control_message_pacing: started
15:36:29.663 > === ECU State ===
15:36:29.665 > car_fully_on: false
15:36:29.665 > start_switch_on: false
15:36:29.665 > brake_pressure: 1
15:36:29.665 > calculated_torque: 32
15:36:29.665 > throttle1_pos: (none)
15:36:29.665 > throttle2_pos: (none)
15:36:29.665 > startup_countdown: not started
15:36:29.665 > motor_control_message_pacing: started
15:36:30.161 > === ECU State ===
15:36:30.161 > car_fully_on: false
15:36:30.161 > start_switch_on: false
15:36:30.161 > brake_pressure: 2
15:36:30.161 > calculated_torque: 33
15:36:30.161 > throttle1_pos: (none)
15:36:30.161 > throttle2_pos: (none)
15:36:30.161 > startup_countdown: not started
15:36:30.161 > motor_control_message_pacing: started
15:36:30.659 > === ECU State ===
15:36:30.666 > car_fully_on: false
15:36:30.666 > start_switch_on: false
15:36:30.666 > brake_pressure: 1
15:36:30.666 > calculated_torque: 32
15:36:30.666 > throttle1_pos: (none)
15:36:30.666 > throttle2_pos: (none)
15:36:30.666 > startup_countdown: not started
15:36:30.666 > motor_control_message_pacing: started
15:36:31.164 > === ECU State ===
15:36:31.165 > car_fully_on: false
15:36:31.165 > start_switch_on: false
15:36:31.165 > brake_pressure: 1
15:36:31.165 > calculated_torque: 32
15:36:31.165 > throttle1_pos: (none)
15:36:31.165 > throttle2_pos: (none)
15:36:31.165 > startup_countdown: not started
15:36:31.165 > motor_control_message_pacing: started
15:36:31.662 > === ECU State ===
15:36:31.665 > car_fully_on: false
15:36:31.665 > start_switch_on: false
15:36:31.665 > brake_pressure: 1
15:36:31.665 > calculated_torque: 32
15:36:31.665 > throttle1_pos: (none)
15:36:31.665 > throttle2_pos: (none)
15:36:31.665 > startup_countdown: not started
15:36:31.665 > motor_control_message_pacing: started
15:36:32.149 > === ECU State ===
15:36:32.164 > car_fully_on: false
15:36:32.164 > start_switch_on: false
15:36:32.164 > brake_pressure: 1
15:36:32.164 > calculated_torque: 33
15:36:32.164 > throttle1_pos: (none)
15:36:32.164 > throttle2_pos: (none)
15:36:32.164 > startup_countdown: not started
15:36:32.164 > motor_control_message_pacing: started
15:36:32.664 > === ECU State ===
15:36:32.664 > car_fully_on: false
15:36:32.664 > start_switch_on: false
15:36:32.664 > brake_pressure: 1
15:36:32.664 > calculated_torque: 32
15:36:32.664 > throttle1_pos: (none)
15:36:32.664 > throttle2_pos: (none)
15:36:32.664 > startup_countdown: not started
15:36:32.664 > motor_control_message_pacing: started
15:36:33.162 > === ECU State ===
15:36:33.165 > car_fully_on: false
15:36:33.165 > start_switch_on: false
15:36:33.165 > brake_pressure: 1
15:36:33.165 > calculated_torque: 32
15:36:33.165 > throttle1_pos: (none)
15:36:33.165 > throttle2_pos: (none)
15:36:33.165 > startup_countdown: not started
15:36:33.165 > motor_control_message_pacing: started
15:36:33.664 > === ECU State ===
15:36:33.664 > car_fully_on: false
15:36:33.664 > start_switch_on: false
15:36:33.664 > brake_pressure: 2
15:36:33.664 > calculated_torque: 32
15:36:33.664 > throttle1_pos: (none)
15:36:33.664 > throttle2_pos: (none)
15:36:33.664 > startup_countdown: not started
15:36:33.664 > motor_control_message_pacing: started
15:36:34.164 > === ECU State ===
15:36:34.165 > car_fully_on: false
15:36:34.165 > start_switch_on: false
15:36:34.165 > brake_pressure: 1
15:36:34.165 > calculated_torque: 32
15:36:34.165 > throttle1_pos: (none)
15:36:34.165 > throttle2_pos: (none)
15:36:34.165 > startup_countdown: not started
15:36:34.165 > motor_control_message_pacing: started
15:36:34.661 > === ECU State ===
15:36:34.661 > car_fully_on: false
15:36:34.661 > start_switch_on: false
15:36:34.661 > brake_pressure: 1
15:36:34.661 > calculated_torque: 32
15:36:34.661 > throttle1_pos: (none)
15:36:34.661 > throttle2_pos: (none)
15:36:34.661 > startup_countdown: not started
15:36:34.661 > motor_control_message_pacing: started
15:36:35.164 > === ECU State ===
15:36:35.164 > car_fully_on: false
15:36:35.164 > start_switch_on: false
15:36:35.164 > brake_pressure: 1
15:36:35.164 > calculated_torque: 32
15:36:35.164 > throttle1_pos: (none)
15:36:35.164 > throttle2_pos: (none)
15:36:35.164 > startup_countdown: not started
15:36:35.164 > motor_control_message_pacing: started
15:36:35.664 > === ECU State ===
15:36:35.664 > car_fully_on: false
15:36:35.664 > start_switch_on: false
15:36:35.664 > brake_pressure: 2
15:36:35.664 > calculated_torque: 32
15:36:35.664 > throttle1_pos: (none)
15:36:35.664 > throttle2_pos: (none)
15:36:35.664 > startup_countdown: not started
15:36:35.664 > motor_control_message_pacing: started
15:36:36.164 > === ECU State ===
15:36:36.164 > car_fully_on: false
15:36:36.164 > start_switch_on: false
15:36:36.164 > brake_pressure: 0
15:36:36.164 > calculated_torque: 32
15:36:36.164 > throttle1_pos: (none)
15:36:36.164 > throttle2_pos: (none)
15:36:36.164 > startup_countdown: not started
15:36:36.164 > motor_control_message_pacing: started
15:36:36.664 > === ECU State ===
15:36:36.665 > car_fully_on: false
15:36:36.665 > start_switch_on: false
15:36:36.665 > brake_pressure: 1
15:36:36.665 > calculated_torque: 32
15:36:36.665 > throttle1_pos: (none)
15:36:36.665 > throttle2_pos: (none)
15:36:36.665 > startup_countdown: not started
15:36:36.665 > motor_control_message_pacing: started
15:36:37.158 > === ECU State ===
15:36:37.158 > car_fully_on: false
15:36:37.158 > start_switch_on: false
15:36:37.158 > brake_pressure: 2
15:36:37.158 > calculated_torque: 32
15:36:37.158 > throttle1_pos: (none)
15:36:37.158 > throttle2_pos: (none)
15:36:37.158 > startup_countdown: not started
15:36:37.158 > motor_control_message_pacing: started
15:36:37.664 > === ECU State ===
15:36:37.664 > car_fully_on: false
15:36:37.664 > start_switch_on: false
15:36:37.664 > brake_pressure: 1
15:36:37.664 > calculated_torque: 32
15:36:37.664 > throttle1_pos: (none)
15:36:37.664 > throttle2_pos: (none)
15:36:37.664 > startup_countdown: not started
15:36:37.664 > motor_control_message_pacing: started
15:36:38.164 > === ECU State ===
15:36:38.164 > car_fully_on: false
15:36:38.164 > start_switch_on: false
15:36:38.164 > brake_pressure: 1
15:36:38.164 > calculated_torque: 32
15:36:38.164 > throttle1_pos: (none)
15:36:38.164 > throttle2_pos: (none)
15:36:38.164 > startup_countdown: not started
15:36:38.164 > motor_control_message_pacing: started
15:36:38.664 > === ECU State ===
15:36:38.664 > car_fully_on: false
15:36:38.664 > start_switch_on: false
15:36:38.664 > brake_pressure: 0
15:36:38.664 > calculated_torque: 32
15:36:38.664 > throttle1_pos: (none)
15:36:38.664 > throttle2_pos: (none)
15:36:38.664 > startup_countdown: not started
15:36:38.664 > motor_control_message_pacing: started
15:36:39.164 > === ECU State ===
15:36:39.164 > car_fully_on: false
15:36:39.164 > start_switch_on: false
15:36:39.164 > brake_pressure: 1
15:36:39.164 > calculated_torque: 32
15:36:39.164 > throttle1_pos: (none)
15:36:39.164 > throttle2_pos: (none)
15:36:39.164 > startup_countdown: not started
15:36:39.164 > motor_control_message_pacing: started
15:36:39.664 > === ECU State ===
15:36:39.664 > car_fully_on: false
15:36:39.664 > start_switch_on: false
15:36:39.664 > brake_pressure: 1
15:36:39.664 > calculated_torque: 32
15:36:39.664 > throttle1_pos: (none)
15:36:39.664 > throttle2_pos: (none)
15:36:39.664 > startup_countdown: not started
15:36:39.664 > motor_control_message_pacing: started
15:36:40.163 > === ECU State ===
15:36:40.163 > car_fully_on: false
15:36:40.163 > start_switch_on: false
15:36:40.163 > brake_pressure: 1
15:36:40.163 > calculated_torque: 32
15:36:40.163 > throttle1_pos: (none)
15:36:40.163 > throttle2_pos: (none)
15:36:40.163 > startup_countdown: not started
15:36:40.163 > motor_control_message_pacing: started
15:36:40.659 > === ECU State ===
15:36:40.659 > car_fully_on: false
15:36:40.659 > start_switch_on: false
15:36:40.659 > brake_pressure: 2
15:36:40.659 > calculated_torque: 32
15:36:40.659 > throttle1_pos: (none)
15:36:40.659 > throttle2_pos: (none)
15:36:40.659 > startup_countdown: not started
15:36:40.659 > motor_control_message_pacing: started
15:36:41.159 > === ECU State ===
15:36:41.159 > car_fully_on: false
15:36:41.159 > start_switch_on: false
15:36:41.159 > brake_pressure: 1
15:36:41.159 > calculated_torque: 32
15:36:41.159 > throttle1_pos: (none)
15:36:41.159 > throttle2_pos: (none)
15:36:41.159 > startup_countdown: not started
15:36:41.159 > motor_control_message_pacing: started
15:36:41.655 > === ECU State ===
15:36:41.665 > car_fully_on: false
15:36:41.665 > start_switch_on: false
15:36:41.665 > brake_pressure: 0
15:36:41.665 > calculated_torque: 33
15:36:41.665 > throttle1_pos: (none)
15:36:41.665 > throttle2_pos: (none)
15:36:41.665 > startup_countdown: not started
15:36:41.665 > motor_control_message_pacing: started
15:36:42.161 > === ECU State ===
15:36:42.161 > car_fully_on: false
15:36:42.161 > start_switch_on: false
15:36:42.161 > brake_pressure: 1
15:36:42.161 > calculated_torque: 32
15:36:42.161 > throttle1_pos: (none)
15:36:42.161 > throttle2_pos: (none)
15:36:42.161 > startup_countdown: not started
15:36:42.161 > motor_control_message_pacing: started
15:36:42.664 > === ECU State ===
15:36:42.665 > car_fully_on: false
15:36:42.665 > start_switch_on: false
15:36:42.665 > brake_pressure: 0
15:36:42.665 > calculated_torque: 33
15:36:42.665 > throttle1_pos: (none)
15:36:42.665 > throttle2_pos: (none)
15:36:42.665 > startup_countdown: not started
15:36:42.665 > motor_control_message_pacing: started
15:36:43.162 > === ECU State ===
15:36:43.162 > car_fully_on: false
15:36:43.162 > start_switch_on: false
15:36:43.162 > brake_pressure: 0
15:36:43.162 > calculated_torque: 32
15:36:43.162 > throttle1_pos: (none)
15:36:43.162 > throttle2_pos: (none)
15:36:43.162 > startup_countdown: not started
15:36:43.162 > motor_control_message_pacing: started
15:36:43.664 > === ECU State ===
15:36:43.664 > car_fully_on: false
15:36:43.664 > start_switch_on: false
15:36:43.664 > brake_pressure: 1
15:36:43.664 > calculated_torque: 32
15:36:43.664 > throttle1_pos: (none)
15:36:43.664 > throttle2_pos: (none)
15:36:43.664 > startup_countdown: not started
15:36:43.664 > motor_control_message_pacing: started
15:36:44.162 > === ECU State ===
15:36:44.162 > car_fully_on: false
15:36:44.162 > start_switch_on: false
15:36:44.162 > brake_pressure: 1
15:36:44.162 > calculated_torque: 32
15:36:44.162 > throttle1_pos: (none)
15:36:44.162 > throttle2_pos: (none)
15:36:44.162 > startup_countdown: not started
15:36:44.162 > motor_control_message_pacing: started
15:36:44.664 > === ECU State ===
15:36:44.664 > car_fully_on: false
15:36:44.664 > start_switch_on: false
15:36:44.664 > brake_pressure: 2
15:36:44.664 > calculated_torque: 32
15:36:44.664 > throttle1_pos: (none)
15:36:44.664 > throttle2_pos: (none)
15:36:44.664 > startup_countdown: not started
15:36:44.664 > motor_control_message_pacing: started
15:36:45.164 > === ECU State ===
15:36:45.164 > car_fully_on: false
15:36:45.164 > start_switch_on: false
15:36:45.164 > brake_pressure: 1
15:36:45.164 > calculated_torque: 32
15:36:45.164 > throttle1_pos: (none)
15:36:45.164 > throttle2_pos: (none)
15:36:45.164 > startup_countdown: not started
15:36:45.164 > motor_control_message_pacing: started
15:36:45.664 > === ECU State ===
15:36:45.664 > car_fully_on: false
15:36:45.664 > start_switch_on: false
15:36:45.664 > brake_pressure: 1
15:36:45.664 > calculated_torque: 32
15:36:45.664 > throttle1_pos: (none)
15:36:45.664 > throttle2_pos: (none)
15:36:45.664 > startup_countdown: not started
15:36:45.664 > motor_control_message_pacing: started
15:36:46.164 > === ECU State ===
15:36:46.164 > car_fully_on: false
15:36:46.164 > start_switch_on: false
15:36:46.164 > brake_pressure: 0
15:36:46.164 > calculated_torque: 32
15:36:46.164 > throttle1_pos: (none)
15:36:46.164 > throttle2_pos: (none)
15:36:46.164 > startup_countdown: not started
15:36:46.164 > motor_control_message_pacing: started
15:36:46.658 > === ECU State ===
15:36:46.658 > car_fully_on: false
15:36:46.658 > start_switch_on: false
15:36:46.658 > brake_pressure: 3
15:36:46.658 > calculated_torque: 32
15:36:46.658 > throttle1_pos: (none)
15:36:46.658 > throttle2_pos: (none)
15:36:46.658 > startup_countdown: not started
15:36:46.658 > motor_control_message_pacing: started
15:36:47.162 > === ECU State ===
15:36:47.162 > car_fully_on: false
15:36:47.162 > start_switch_on: false
15:36:47.162 > brake_pressure: 1
15:36:47.162 > calculated_torque: 32
15:36:47.162 > throttle1_pos: (none)
15:36:47.162 > throttle2_pos: (none)
15:36:47.162 > startup_countdown: not started
15:36:47.162 > motor_control_message_pacing: started
15:36:47.664 > === ECU State ===
15:36:47.664 > car_fully_on: false
15:36:47.664 > start_switch_on: false
15:36:47.664 > brake_pressure: 1
15:36:47.664 > calculated_torque: 32
15:36:47.664 > throttle1_pos: (none)
15:36:47.664 > throttle2_pos: (none)
15:36:47.664 > startup_countdown: not started
15:36:47.664 > motor_control_message_pacing: started
15:36:48.165 > === ECU State ===
15:36:48.165 > car_fully_on: false
15:36:48.165 > start_switch_on: false
15:36:48.165 > brake_pressure: 1
15:36:48.165 > calculated_torque: 32
15:36:48.165 > throttle1_pos: (none)
15:36:48.165 > throttle2_pos: (none)
15:36:48.165 > startup_countdown: not started
15:36:48.165 > motor_control_message_pacing: started
15:36:48.661 > === ECU State ===
15:36:48.666 > car_fully_on: false
15:36:48.666 > start_switch_on: false
15:36:48.666 > brake_pressure: 1
15:36:48.666 > calculated_torque: 32
15:36:48.666 > throttle1_pos: (none)
15:36:48.666 > throttle2_pos: (none)
15:36:48.666 > startup_countdown: not started
15:36:48.666 > motor_control_message_pacing: started
15:36:49.164 > === ECU State ===
15:36:49.165 > car_fully_on: false
15:36:49.165 > start_switch_on: false
15:36:49.165 > brake_pressure: 0
15:36:49.165 > calculated_torque: 32
15:36:49.165 > throttle1_pos: (none)
15:36:49.165 > throttle2_pos: (none)
15:36:49.165 > startup_countdown: not started
15:36:49.165 > motor_control_message_pacing: started
15:36:49.664 > === ECU State ===
15:36:49.665 > car_fully_on: false
15:36:49.665 > start_switch_on: false
15:36:49.665 > brake_pressure: 1
15:36:49.665 > calculated_torque: 32
15:36:49.665 > throttle1_pos: (none)
15:36:49.665 > throttle2_pos: (none)
15:36:49.665 > startup_countdown: not started
15:36:49.665 > motor_control_message_pacing: started
15:36:50.164 > === ECU State ===
15:36:50.164 > car_fully_on: false
15:36:50.164 > start_switch_on: false
15:36:50.164 > brake_pressure: 0
15:36:50.164 > calculated_torque: 32
15:36:50.164 > throttle1_pos: (none)
15:36:50.164 > throttle2_pos: (none)
15:36:50.164 > startup_countdown: not started
15:36:50.164 > motor_control_message_pacing: started
15:36:50.664 > === ECU State ===
15:36:50.664 > car_fully_on: false
15:36:50.664 > start_switch_on: false
15:36:50.664 > brake_pressure: 1
15:36:50.664 > calculated_torque: 32
15:36:50.664 > throttle1_pos: (none)
15:36:50.664 > throttle2_pos: (none)
15:36:50.664 > startup_countdown: not started
15:36:50.664 > motor_control_message_pacing: started
15:36:51.158 > === ECU State ===
15:36:51.158 > car_fully_on: false
15:36:51.158 > start_switch_on: false
15:36:51.158 > brake_pressure: 1
15:36:51.158 > calculated_torque: 32
15:36:51.158 > throttle1_pos: (none)
15:36:51.158 > throttle2_pos: (none)
15:36:51.158 > startup_countdown: not started
15:36:51.158 > motor_control_message_pacing: started
15:36:51.664 > === ECU State ===
15:36:51.665 > car_fully_on: false
15:36:51.665 > start_switch_on: false
15:36:51.665 > brake_pressure: 1
15:36:51.665 > calculated_torque: 32
15:36:51.665 > throttle1_pos: (none)
15:36:51.665 > throttle2_pos: (none)
15:36:51.665 > startup_countdown: not started
15:36:51.665 > motor_control_message_pacing: started
15:36:52.160 > === ECU State ===
15:36:52.165 > car_fully_on: false
15:36:52.165 > start_switch_on: false
15:36:52.165 > brake_pressure: 1
15:36:52.165 > calculated_torque: 32
15:36:52.165 > throttle1_pos: (none)
15:36:52.165 > throttle2_pos: (none)
15:36:52.165 > startup_countdown: not started
15:36:52.165 > motor_control_message_pacing: started
15:36:52.664 > === ECU State ===
15:36:52.665 > car_fully_on: false
15:36:52.665 > start_switch_on: false
15:36:52.665 > brake_pressure: 0
15:36:52.665 > calculated_torque: 32
15:36:52.665 > throttle1_pos: (none)
15:36:52.665 > throttle2_pos: (none)
15:36:52.665 > startup_countdown: not started
15:36:52.665 > motor_control_message_pacing: started
15:36:53.164 > === ECU State ===
15:36:53.164 > car_fully_on: false
15:36:53.164 > start_switch_on: false
15:36:53.164 > brake_pressure: 1
15:36:53.164 > calculated_torque: 32
15:36:53.164 > throttle1_pos: (none)
15:36:53.164 > throttle2_pos: (none)
15:36:53.164 > startup_countdown: not started
15:36:53.164 > motor_control_message_pacing: started
15:36:53.659 > === ECU State ===
15:36:53.659 > car_fully_on: false
15:36:53.659 > start_switch_on: false
15:36:53.659 > brake_pressure: 1
15:36:53.659 > calculated_torque: 32
15:36:53.659 > throttle1_pos: (none)
15:36:53.659 > throttle2_pos: (none)
15:36:53.659 > startup_countdown: not started
15:36:53.659 > motor_control_message_pacing: started
15:36:54.164 > === ECU State ===
15:36:54.164 > car_fully_on: false
15:36:54.164 > start_switch_on: false
15:36:54.164 > brake_pressure: 1
15:36:54.164 > calculated_torque: 33
15:36:54.164 > throttle1_pos: (none)
15:36:54.164 > throttle2_pos: (none)
15:36:54.164 > startup_countdown: not started
15:36:54.164 > motor_control_message_pacing: started
15:36:54.664 > === ECU State ===
15:36:54.665 > car_fully_on: false
15:36:54.665 > start_switch_on: false
15:36:54.665 > brake_pressure: 0
15:36:54.665 > calculated_torque: 32
15:36:54.665 > throttle1_pos: (none)
15:36:54.665 > throttle2_pos: (none)
15:36:54.665 > startup_countdown: not started
15:36:54.665 > motor_control_message_pacing: started
15:36:55.164 > === ECU State ===
15:36:55.164 > car_fully_on: false
15:36:55.164 > start_switch_on: false
15:36:55.164 > brake_pressure: 1
15:36:55.164 > calculated_torque: 32
15:36:55.164 > throttle1_pos: (none)
15:36:55.164 > throttle2_pos: (none)
15:36:55.164 > startup_countdown: not started
15:36:55.164 > motor_control_message_pacing: started
15:36:55.660 > === ECU State ===
15:36:55.665 > car_fully_on: false
15:36:55.665 > start_switch_on: false
15:36:55.665 > brake_pressure: 1
15:36:55.665 > calculated_torque: 33
15:36:55.665 > throttle1_pos: (none)
15:36:55.665 > throttle2_pos: (none)
15:36:55.665 > startup_countdown: not started
15:36:55.665 > motor_control_message_pacing: started
15:36:56.162 > === ECU State ===
15:36:56.162 > car_fully_on: false
15:36:56.162 > start_switch_on: false
15:36:56.162 > brake_pressure: 1
15:36:56.162 > calculated_torque: 32
15:36:56.162 > throttle1_pos: (none)
15:36:56.162 > throttle2_pos: (none)
15:36:56.162 > startup_countdown: not started
15:36:56.162 > motor_control_message_pacing: started
15:36:56.657 > === ECU State ===
15:36:56.657 > car_fully_on: false
15:36:56.657 > start_switch_on: false
15:36:56.657 > brake_pressure: 1
15:36:56.657 > calculated_torque: 32
15:36:56.657 > throttle1_pos: (none)
15:36:56.657 > throttle2_pos: (none)
15:36:56.657 > startup_countdown: not started
15:36:56.657 > motor_control_message_pacing: started
15:36:57.164 > === ECU State ===
15:36:57.164 > car_fully_on: false
15:36:57.164 > start_switch_on: false
15:36:57.164 > brake_pressure: 1
15:36:57.164 > calculated_torque: 32
15:36:57.164 > throttle1_pos: (none)
15:36:57.164 > throttle2_pos: (none)
15:36:57.164 > startup_countdown: not started
15:36:57.164 > motor_control_message_pacing: started
15:36:57.664 > === ECU State ===
15:36:57.664 > car_fully_on: false
15:36:57.664 > start_switch_on: false
15:36:57.664 > brake_pressure: 0
15:36:57.664 > calculated_torque: 32
15:36:57.664 > throttle1_pos: (none)
15:36:57.664 > throttle2_pos: (none)
15:36:57.664 > startup_countdown: not started
15:36:57.664 > motor_control_message_pacing: started
15:36:58.162 > === ECU State ===
15:36:58.162 > car_fully_on: false
15:36:58.162 > start_switch_on: false
15:36:58.162 > brake_pressure: 1
15:36:58.162 > calculated_torque: 32
15:36:58.162 > throttle1_pos: (none)
15:36:58.162 > throttle2_pos: (none)
15:36:58.162 > startup_countdown: not started
15:36:58.162 > motor_control_message_pacing: started
15:36:58.664 > === ECU State ===
15:36:58.665 > car_fully_on: false
15:36:58.665 > start_switch_on: false
15:36:58.665 > brake_pressure: 2
15:36:58.665 > calculated_torque: 32
15:36:58.665 > throttle1_pos: (none)
15:36:58.665 > throttle2_pos: (none)
15:36:58.665 > startup_countdown: not started
15:36:58.665 > motor_control_message_pacing: started
15:36:59.164 > === ECU State ===
15:36:59.165 > car_fully_on: false
15:36:59.165 > start_switch_on: false
15:36:59.165 > brake_pressure: 0
15:36:59.165 > calculated_torque: 32
15:36:59.165 > throttle1_pos: (none)
15:36:59.165 > throttle2_pos: (none)
15:36:59.165 > startup_countdown: not started
15:36:59.165 > motor_control_message_pacing: started
15:36:59.664 > === ECU State ===
15:36:59.664 > car_fully_on: false
15:36:59.664 > start_switch_on: false
15:36:59.664 > brake_pressure: 1
15:36:59.664 > calculated_torque: 32
15:36:59.664 > throttle1_pos: (none)
15:36:59.664 > throttle2_pos: (none)
15:36:59.664 > startup_countdown: not started
15:36:59.664 > motor_control_message_pacing: started
15:37:00.163 > === ECU State ===
15:37:00.163 > car_fully_on: false
15:37:00.163 > start_switch_on: false
15:37:00.163 > brake_pressure: 1
15:37:00.163 > calculated_torque: 33
15:37:00.163 > throttle1_pos: (none)
15:37:00.163 > throttle2_pos: (none)
15:37:00.163 > startup_countdown: not started
15:37:00.163 > motor_control_message_pacing: started
15:37:00.657 > === ECU State ===
15:37:00.657 > car_fully_on: false
15:37:00.657 > start_switch_on: false
15:37:00.657 > brake_pressure: 1
15:37:00.657 > calculated_torque: 33
15:37:00.657 > throttle1_pos: (none)
15:37:00.657 > throttle2_pos: (none)
15:37:00.657 > startup_countdown: not started
15:37:00.657 > motor_control_message_pacing: started
15:37:01.157 > === ECU State ===
15:37:01.157 > car_fully_on: false
15:37:01.157 > start_switch_on: false
15:37:01.157 > brake_pressure: 1
15:37:01.157 > calculated_torque: 32
15:37:01.157 > throttle1_pos: (none)
15:37:01.157 > throttle2_pos: (none)
15:37:01.157 > startup_countdown: not started
15:37:01.157 > motor_control_message_pacing: started
15:37:01.661 > === ECU State ===
15:37:01.665 > car_fully_on: false
15:37:01.665 > start_switch_on: false
15:37:01.665 > brake_pressure: 1
15:37:01.665 > calculated_torque: 33
15:37:01.665 > throttle1_pos: (none)
15:37:01.665 > throttle2_pos: (none)
15:37:01.665 > startup_countdown: not started
15:37:01.665 > motor_control_message_pacing: started
15:37:02.157 > === ECU State ===
15:37:02.157 > car_fully_on: false
15:37:02.157 > start_switch_on: false
15:37:02.157 > brake_pressure: 1
15:37:02.157 > calculated_torque: 32
15:37:02.157 > throttle1_pos: (none)
15:37:02.157 > throttle2_pos: (none)
15:37:02.157 > startup_countdown: not started
15:37:02.157 > motor_control_message_pacing: started
15:37:02.661 > === ECU State ===
15:37:02.661 > car_fully_on: false
15:37:02.661 > start_switch_on: false
15:37:02.661 > brake_pressure: 1
15:37:02.661 > calculated_torque: 32
15:37:02.661 > throttle1_pos: (none)
15:37:02.661 > throttle2_pos: (none)
15:37:02.661 > startup_countdown: not started
15:37:02.661 > motor_control_message_pacing: started
15:37:03.164 > === ECU State ===
15:37:03.164 > car_fully_on: false
15:37:03.164 > start_switch_on: false
15:37:03.164 > brake_pressure: 1
15:37:03.164 > calculated_torque: 32
15:37:03.164 > throttle1_pos: (none)
15:37:03.164 > throttle2_pos: (none)
15:37:03.164 > startup_countdown: not started
15:37:03.164 > motor_control_message_pacing: started
15:37:03.663 > === ECU State ===
15:37:03.665 > car_fully_on: false
15:37:03.665 > start_switch_on: false
15:37:03.665 > brake_pressure: 1
15:37:03.665 > calculated_torque: 32
15:37:03.665 > throttle1_pos: (none)
15:37:03.665 > throttle2_pos: (none)
15:37:03.665 > startup_countdown: not started
15:37:03.665 > motor_control_message_pacing: started
15:37:04.164 > === ECU State ===
15:37:04.164 > car_fully_on: false
15:37:04.164 > start_switch_on: false
15:37:04.164 > brake_pressure: 1
15:37:04.164 > calculated_torque: 32
15:37:04.164 > throttle1_pos: (none)
15:37:04.164 > throttle2_pos: (none)
15:37:04.164 > startup_countdown: not started
15:37:04.164 > motor_control_message_pacing: started
15:37:04.665 > === ECU State ===
15:37:04.665 > car_fully_on: false
15:37:04.665 > start_switch_on: false
15:37:04.665 > brake_pressure: 1
15:37:04.665 > calculated_torque: 32
15:37:04.665 > throttle1_pos: (none)
15:37:04.665 > throttle2_pos: (none)
15:37:04.665 > startup_countdown: not started
15:37:04.665 > motor_control_message_pacing: started
15:37:05.164 > === ECU State ===
15:37:05.164 > car_fully_on: false
15:37:05.164 > start_switch_on: false
15:37:05.164 > brake_pressure: 1
15:37:05.164 > calculated_torque: 32
15:37:05.164 > throttle1_pos: (none)
15:37:05.164 > throttle2_pos: (none)
15:37:05.164 > startup_countdown: not started
15:37:05.164 > motor_control_message_pacing: started
15:37:05.664 > === ECU State ===
15:37:05.664 > car_fully_on: false
15:37:05.664 > start_switch_on: false
15:37:05.664 > brake_pressure: 0
15:37:05.664 > calculated_torque: 32
15:37:05.664 > throttle1_pos: (none)
15:37:05.664 > throttle2_pos: (none)
15:37:05.664 > startup_countdown: not started
15:37:05.664 > motor_control_message_pacing: started
15:37:06.160 > === ECU State ===
15:37:06.160 > car_fully_on: false
15:37:06.160 > start_switch_on: false
15:37:06.160 > brake_pressure: 1
15:37:06.160 > calculated_torque: 32
15:37:06.160 > throttle1_pos: (none)
15:37:06.160 > throttle2_pos: (none)
15:37:06.160 > startup_countdown: not started
15:37:06.160 > motor_control_message_pacing: started
15:37:06.664 > === ECU State ===
15:37:06.664 > car_fully_on: false
15:37:06.664 > start_switch_on: false
15:37:06.664 > brake_pressure: 1
15:37:06.664 > calculated_torque: 32
15:37:06.664 > throttle1_pos: (none)
15:37:06.664 > throttle2_pos: (none)
15:37:06.664 > startup_countdown: not started
15:37:06.664 > motor_control_message_pacing: started
15:37:07.164 > === ECU State ===
15:37:07.164 > car_fully_on: false
15:37:07.164 > start_switch_on: false
15:37:07.164 > brake_pressure: 1
15:37:07.164 > calculated_torque: 33
15:37:07.164 > throttle1_pos: (none)
15:37:07.164 > throttle2_pos: (none)
15:37:07.164 > startup_countdown: not started
15:37:07.164 > motor_control_message_pacing: started
15:37:07.660 > === ECU State ===
15:37:07.660 > car_fully_on: false
15:37:07.660 > start_switch_on: false
15:37:07.660 > brake_pressure: 1
15:37:07.660 > calculated_torque: 32
15:37:07.660 > throttle1_pos: (none)
15:37:07.660 > throttle2_pos: (none)
15:37:07.660 > startup_countdown: not started
15:37:07.660 > motor_control_message_pacing: started
15:37:08.162 > === ECU State ===
15:37:08.162 > car_fully_on: false
15:37:08.162 > start_switch_on: false
15:37:08.162 > brake_pressure: 1
15:37:08.162 > calculated_torque: 32
15:37:08.162 > throttle1_pos: (none)
15:37:08.162 > throttle2_pos: (none)
15:37:08.162 > startup_countdown: not started
15:37:08.162 > motor_control_message_pacing: started
15:37:08.655 > === ECU State ===
15:37:08.665 > car_fully_on: false
15:37:08.665 > start_switch_on: false
15:37:08.665 > brake_pressure: 2
15:37:08.665 > calculated_torque: 32
15:37:08.665 > throttle1_pos: (none)
15:37:08.665 > throttle2_pos: (none)
15:37:08.665 > startup_countdown: not started
15:37:08.665 > motor_control_message_pacing: started
15:37:09.164 > === ECU State ===
15:37:09.164 > car_fully_on: false
15:37:09.164 > start_switch_on: false
15:37:09.164 > brake_pressure: 1
15:37:09.164 > calculated_torque: 33
15:37:09.164 > throttle1_pos: (none)
15:37:09.164 > throttle2_pos: (none)
15:37:09.164 > startup_countdown: not started
15:37:09.164 > motor_control_message_pacing: started
15:37:09.660 > === ECU State ===
15:37:09.660 > car_fully_on: false
15:37:09.660 > start_switch_on: false
15:37:09.660 > brake_pressure: 0
15:37:09.660 > calculated_torque: 32
15:37:09.660 > throttle1_pos: (none)
15:37:09.660 > throttle2_pos: (none)
15:37:09.660 > startup_countdown: not started
15:37:09.660 > motor_control_message_pacing: started
15:37:10.163 > === ECU State ===
15:37:10.163 > car_fully_on: false
15:37:10.163 > start_switch_on: false
15:37:10.163 > brake_pressure: 1
15:37:10.163 > calculated_torque: 32
15:37:10.163 > throttle1_pos: (none)
15:37:10.163 > throttle2_pos: (none)
15:37:10.163 > startup_countdown: not started
15:37:10.163 > motor_control_message_pacing: started
15:37:10.664 > === ECU State ===
15:37:10.664 > car_fully_on: false
15:37:10.664 > start_switch_on: false
15:37:10.664 > brake_pressure: 2
15:37:10.664 > calculated_torque: 32
15:37:10.664 > throttle1_pos: (none)
15:37:10.664 > throttle2_pos: (none)
15:37:10.664 > startup_countdown: not started
15:37:10.664 > motor_control_message_pacing: started
15:37:11.163 > === ECU State ===
15:37:11.166 > car_fully_on: false
15:37:11.166 > start_switch_on: false
15:37:11.166 > brake_pressure: 1
15:37:11.166 > calculated_torque: 32
15:37:11.166 > throttle1_pos: (none)
15:37:11.166 > throttle2_pos: (none)
15:37:11.166 > startup_countdown: not started
15:37:11.166 > motor_control_message_pacing: started
15:37:11.664 > === ECU State ===
15:37:11.664 > car_fully_on: false
15:37:11.664 > start_switch_on: false
15:37:11.664 > brake_pressure: 1
15:37:11.664 > calculated_torque: 32
15:37:11.664 > throttle1_pos: (none)
15:37:11.664 > throttle2_pos: (none)
15:37:11.664 > startup_countdown: not started
15:37:11.664 > motor_control_message_pacing: started
15:37:12.164 > === ECU State ===
15:37:12.165 > car_fully_on: false
15:37:12.165 > start_switch_on: false
15:37:12.165 > brake_pressure: 2
15:37:12.165 > calculated_torque: 32
15:37:12.165 > throttle1_pos: (none)
15:37:12.165 > throttle2_pos: (none)
15:37:12.165 > startup_countdown: not started
15:37:12.165 > motor_control_message_pacing: started
15:37:12.664 > === ECU State ===
15:37:12.665 > car_fully_on: false
15:37:12.665 > start_switch_on: false
15:37:12.665 > brake_pressure: 1
15:37:12.665 > calculated_torque: 32
15:37:12.665 > throttle1_pos: (none)
15:37:12.665 > throttle2_pos: (none)
15:37:12.665 > startup_countdown: not started
15:37:12.665 > motor_control_message_pacing: started
15:37:13.161 > === ECU State ===
15:37:13.161 > car_fully_on: false
15:37:13.161 > start_switch_on: false
15:37:13.161 > brake_pressure: 1
15:37:13.161 > calculated_torque: 32
15:37:13.161 > throttle1_pos: (none)
15:37:13.161 > throttle2_pos: (none)
15:37:13.161 > startup_countdown: not started
15:37:13.161 > motor_control_message_pacing: started
