17:59:03.689 > === ECU State ===
17:59:03.690 > car_fully_on: false
17:59:03.690 > start_switch_on: false
17:59:03.690 > brake_pressure: 0
17:59:03.690 > calculated_torque: 0
17:59:03.690 > throttle1_pos: (none)
17:59:03.690 > throttle2_pos: (none)
17:59:03.690 > startup_countdown: not started
17:59:03.690 > motor_control_message_pacing: started
17:59:04.190 > === ECU State ===
17:59:04.190 > car_fully_on: false
17:59:04.190 > start_switch_on: false
17:59:04.190 > brake_pressure: 2
17:59:04.190 > calculated_torque: 0
17:59:04.190 > throttle1_pos: (none)
17:59:04.190 > throttle2_pos: (none)
17:59:04.190 > startup_countdown: not started
17:59:04.190 > motor_control_message_pacing: started
17:59:04.690 > === ECU State ===
17:59:04.691 > car_fully_on: false
17:59:04.691 > start_switch_on: false
17:59:04.691 > brake_pressure: 0
17:59:04.691 > calculated_torque: 0
17:59:04.691 > throttle1_pos: (none)
17:59:04.691 > throttle2_pos: (none)
17:59:04.691 > startup_countdown: not started
17:59:04.691 > motor_control_message_pacing: started
17:59:05.189 > === ECU State ===
17:59:05.190 > car_fully_on: false
17:59:05.190 > start_switch_on: false
17:59:05.190 > brake_pressure: 1
17:59:05.190 > calculated_torque: 0
17:59:05.190 > throttle1_pos: (none)
17:59:05.190 > throttle2_pos: (none)
17:59:05.190 > startup_countdown: not started
17:59:05.190 > motor_control_message_pacing: started
17:59:05.690 > === ECU State ===
17:59:05.690 > car_fully_on: false
17:59:05.690 > start_switch_on: false
17:59:05.690 > brake_pressure: 1
17:59:05.690 > calculated_torque: 0
17:59:05.690 > throttle1_pos: (none)
17:59:05.690 > throttle2_pos: (none)
17:59:05.690 > startup_countdown: not started
17:59:05.690 > motor_control_message_pacing: started
17:59:06.189 > === ECU State ===
17:59:06.190 > car_fully_on: false
17:59:06.190 > start_switch_on: false
17:59:06.190 > brake_pressure: 2
17:59:06.190 > calculated_torque: 0
17:59:06.190 > throttle1_pos: (none)
17:59:06.190 > throttle2_pos: (none)
17:59:06.190 > startup_countdown: not started
17:59:06.190 > motor_control_message_pacing: started
17:59:06.690 > === ECU State ===
17:59:06.690 > car_fully_on: false
17:59:06.690 > start_switch_on: false
17:59:06.690 > brake_pressure: 2
17:59:06.690 > calculated_torque: 0
17:59:06.690 > throttle1_pos: (none)
17:59:06.690 > throttle2_pos: (none)
17:59:06.690 > startup_countdown: not started
17:59:06.690 > motor_control_message_pacing: started
17:59:07.190 > === ECU State ===
17:59:07.190 > car_fully_on: false
17:59:07.190 > start_switch_on: false
17:59:07.190 > brake_pressure: 1
17:59:07.190 > calculated_torque: 0
17:59:07.190 > throttle1_pos: (none)
17:59:07.190 > throttle2_pos: (none)
17:59:07.190 > startup_countdown: not started
17:59:07.190 > motor_control_message_pacing: started
17:59:07.690 > === ECU State ===
17:59:07.690 > car_fully_on: false
17:59:07.690 > start_switch_on: false
17:59:07.690 > brake_pressure: 0
17:59:07.690 > calculated_torque: 0
17:59:07.690 > throttle1_pos: (none)
17:59:07.690 > throttle2_pos: (none)
17:59:07.690 > startup_countdown: not started
17:59:07.690 > motor_control_message_pacing: started
17:59:08.189 > === ECU State ===
17:59:08.190 > car_fully_on: false
17:59:08.190 > start_switch_on: false
17:59:08.190 > brake_pressure: 0
17:59:08.190 > calculated_torque: 0
17:59:08.190 > throttle1_pos: (none)
17:59:08.190 > throttle2_pos: (none)
17:59:08.190 > startup_countdown: not started
17:59:08.190 > motor_control_message_pacing: started
17:59:08.689 > === ECU State ===
17:59:08.690 > car_fully_on: false
17:59:08.690 > start_switch_on: false
17:59:08.690 > brake_pressure: 1
17:59:08.690 > calculated_torque: 0
17:59:08.690 > throttle1_pos: (none)
17:59:08.690 > throttle2_pos: (none)
17:59:08.690 > startup_countdown: not started
17:59:08.690 > motor_control_message_pacing: started
17:59:09.190 > === ECU State ===
17:59:09.190 > car_fully_on: false
17:59:09.190 > start_switch_on: false
17:59:09.190 > brake_pressure: 1
17:59:09.190 > calculated_torque: 0
17:59:09.190 > throttle1_pos: (none)
17:59:09.190 > throttle2_pos: (none)
17:59:09.190 > startup_countdown: not started
17:59:09.190 > motor_control_message_pacing: started
17:59:09.689 > === ECU State ===
17:59:09.690 > car_fully_on: false
17:59:09.690 > start_switch_on: false
17:59:09.690 > brake_pressure: 1
17:59:09.690 > calculated_torque: 0
17:59:09.690 > throttle1_pos: (none)
17:59:09.690 > throttle2_pos: (none)
17:59:09.690 > startup_countdown: not started
17:59:09.690 > motor_control_message_pacing: started
17:59:10.190 > === ECU State ===
17:59:10.190 > car_fully_on: false
17:59:10.190 > start_switch_on: false
17:59:10.190 > brake_pressure: 1
17:59:10.190 > calculated_torque: 0
17:59:10.190 > throttle1_pos: (none)
17:59:10.190 > throttle2_pos: (none)
17:59:10.190 > startup_countdown: not started
17:59:10.190 > motor_control_message_pacing: started
17:59:10.689 > === ECU State ===
17:59:10.690 > car_fully_on: false
17:59:10.690 > start_switch_on: false
17:59:10.690 > brake_pressure: 1
17:59:10.690 > calculated_torque: 0
17:59:10.690 > throttle1_pos: (none)
17:59:10.690 > throttle2_pos: (none)
17:59:10.690 > startup_countdown: not started
17:59:10.690 > motor_control_message_pacing: started
17:59:11.190 > === ECU State ===
17:59:11.190 > car_fully_on: false
17:59:11.190 > start_switch_on: false
17:59:11.190 > brake_pressure: 1
17:59:11.190 > calculated_torque: 0
17:59:11.190 > throttle1_pos: (none)
17:59:11.190 > throttle2_pos: (none)
17:59:11.190 > startup_countdown: not started
17:59:11.190 > motor_control_message_pacing: started
17:59:11.689 > === ECU State ===
17:59:11.690 > car_fully_on: false
17:59:11.690 > start_switch_on: false
17:59:11.690 > brake_pressure: 1
17:59:11.690 > calculated_torque: 0
17:59:11.690 > throttle1_pos: (none)
17:59:11.690 > throttle2_pos: (none)
17:59:11.690 > startup_countdown: not started
17:59:11.690 > motor_control_message_pacing: started
17:59:12.190 > === ECU State ===
17:59:12.190 > car_fully_on: false
17:59:12.190 > start_switch_on: false
17:59:12.190 > brake_pressure: 0
17:59:12.190 > calculated_torque: 0
17:59:12.190 > throttle1_pos: (none)
17:59:12.190 > throttle2_pos: (none)
17:59:12.190 > startup_countdown: not started
17:59:12.190 > motor_control_message_pacing: started
17:59:12.690 > === ECU State ===
17:59:12.690 > car_fully_on: false
17:59:12.690 > start_switch_on: false
17:59:12.690 > brake_pressure: 1
17:59:12.690 > calculated_torque: 0
17:59:12.690 > throttle1_pos: (none)
17:59:12.690 > throttle2_pos: (none)
17:59:12.690 > startup_countdown: not started
17:59:12.690 > motor_control_message_pacing: started
17:59:13.189 > === ECU State ===
17:59:13.190 > car_fully_on: false
17:59:13.190 > start_switch_on: false
17:59:13.190 > brake_pressure: 2
17:59:13.190 > calculated_torque: 0
17:59:13.190 > throttle1_pos: (none)
17:59:13.190 > throttle2_pos: (none)
17:59:13.190 > startup_countdown: not started
17:59:13.190 > motor_control_message_pacing: started
17:59:13.689 > === ECU State ===
17:59:13.690 > car_fully_on: false
17:59:13.690 > start_switch_on: false
17:59:13.690 > brake_pressure: 1
17:59:13.690 > calculated_torque: 0
17:59:13.690 > throttle1_pos: (none)
17:59:13.690 > throttle2_pos: (none)
17:59:13.690 > startup_countdown: not started
17:59:13.690 > motor_control_message_pacing: started
17:59:14.190 > === ECU State ===
17:59:14.190 > car_fully_on: false
17:59:14.190 > start_switch_on: false
17:59:14.190 > brake_pressure: 1
17:59:14.190 > calculated_torque: 0
17:59:14.190 > throttle1_pos: (none)
17:59:14.190 > throttle2_pos: (none)
17:59:14.190 > startup_countdown: not started
17:59:14.190 > motor_control_message_pacing: started
17:59:14.689 > === ECU State ===
17:59:14.690 > car_fully_on: false
17:59:14.690 > start_switch_on: false
17:59:14.690 > brake_pressure: 0
17:59:14.690 > calculated_torque: 0
17:59:14.690 > throttle1_pos: (none)
17:59:14.690 > throttle2_pos: (none)
17:59:14.690 > startup_countdown: not started
17:59:14.690 > motor_control_message_pacing: started
17:59:15.189 > === ECU State ===
17:59:15.189 > car_fully_on: false
17:59:15.189 > start_switch_on: false
17:59:15.189 > brake_pressure: 1
17:59:15.189 > calculated_torque: 0
17:59:15.189 > throttle1_pos: (none)
17:59:15.189 > throttle2_pos: (none)
17:59:15.189 > startup_countdown: not started
17:59:15.189 > motor_control_message_pacing: started
17:59:15.690 > === ECU State ===
17:59:15.690 > car_fully_on: false
17:59:15.690 > start_switch_on: false
17:59:15.690 > brake_pressure: 1
17:59:15.690 > calculated_torque: 0
17:59:15.690 > throttle1_pos: (none)
17:59:15.690 > throttle2_pos: (none)
17:59:15.690 > startup_countdown: not started
17:59:15.690 > motor_control_message_pacing: started
17:59:16.190 > === ECU State ===
17:59:16.190 > car_fully_on: false
17:59:16.190 > start_switch_on: false
17:59:16.190 > brake_pressure: 0
17:59:16.190 > calculated_torque: 0
17:59:16.190 > throttle1_pos: (none)
17:59:16.190 > throttle2_pos: (none)
17:59:16.190 > startup_countdown: not started
17:59:16.190 > motor_control_message_pacing: started
17:59:16.690 > === ECU State ===
17:59:16.690 > car_fully_on: false
17:59:16.690 > start_switch_on: false
17:59:16.690 > brake_pressure: 2
17:59:16.690 > calculated_torque: 0
17:59:16.690 > throttle1_pos: (none)
17:59:16.690 > throttle2_pos: (none)
17:59:16.690 > startup_countdown: not started
17:59:16.690 > motor_control_message_pacing: started
17:59:17.190 > === ECU State ===
17:59:17.190 > car_fully_on: false
17:59:17.190 > start_switch_on: false
17:59:17.190 > brake_pressure: 1
17:59:17.190 > calculated_torque: 0
17:59:17.190 > throttle1_pos: (none)
17:59:17.190 > throttle2_pos: (none)
17:59:17.190 > startup_countdown: not started
17:59:17.190 > motor_control_message_pacing: started
17:59:17.689 > === ECU State ===
17:59:17.690 > car_fully_on: false
17:59:17.690 > start_switch_on: false
17:59:17.690 > brake_pressure: 2
17:59:17.690 > calculated_torque: 0
17:59:17.690 > throttle1_pos: (none)
17:59:17.690 > throttle2_pos: (none)
17:59:17.690 > startup_countdown: not started
17:59:17.690 > motor_control_message_pacing: started
17:59:18.189 > === ECU State ===
17:59:18.189 > car_fully_on: false
17:59:18.189 > start_switch_on: false
17:59:18.189 > brake_pressure: 1
17:59:18.189 > calculated_torque: 0
17:59:18.189 > throttle1_pos: (none)
17:59:18.189 > throttle2_pos: (none)
17:59:18.189 > startup_countdown: not started
17:59:18.189 > motor_control_message_pacing: started
17:59:18.689 > === ECU State ===
17:59:18.690 > car_fully_on: false
17:59:18.690 > start_switch_on: false
17:59:18.690 > brake_pressure: 1
17:59:18.690 > calculated_torque: 0
17:59:18.690 > throttle1_pos: (none)
17:59:18.690 > throttle2_pos: (none)
17:59:18.690 > startup_countdown: not started
17:59:18.690 > motor_control_message_pacing: started
17:59:19.190 > === ECU State ===
17:59:19.190 > car_fully_on: false
17:59:19.190 > start_switch_on: false
17:59:19.190 > brake_pressure: 2
17:59:19.190 > calculated_torque: 0
17:59:19.190 > throttle1_pos: (none)
17:59:19.190 > throttle2_pos: (none)
17:59:19.190 > startup_countdown: not started
17:59:19.190 > motor_control_message_pacing: started
17:59:19.689 > === ECU State ===
17:59:19.690 > car_fully_on: false
17:59:19.690 > start_switch_on: false
17:59:19.690 > brake_pressure: 1
17:59:19.690 > calculated_torque: 0
17:59:19.690 > throttle1_pos: (none)
17:59:19.690 > throttle2_pos: (none)
17:59:19.690 > startup_countdown: not started
17:59:19.690 > motor_control_message_pacing: started
17:59:20.190 > === ECU State ===
17:59:20.190 > car_fully_on: false
17:59:20.190 > start_switch_on: false
17:59:20.190 > brake_pressure: 1
17:59:20.190 > calculated_torque: 0
17:59:20.190 > throttle1_pos: (none)
17:59:20.190 > throttle2_pos: (none)
17:59:20.190 > startup_countdown: not started
17:59:20.190 > motor_control_message_pacing: started
17:59:20.690 > === ECU State ===
17:59:20.690 > car_fully_on: false
17:59:20.690 > start_switch_on: false
17:59:20.690 > brake_pressure: 0
17:59:20.690 > calculated_torque: 0
17:59:20.690 > throttle1_pos: (none)
17:59:20.690 > throttle2_pos: (none)
17:59:20.690 > startup_countdown: not started
17:59:20.690 > motor_control_message_pacing: started
17:59:21.189 > === ECU State ===
17:59:21.190 > car_fully_on: false
17:59:21.190 > start_switch_on: false
17:59:21.190 > brake_pressure: 1
17:59:21.190 > calculated_torque: 0
17:59:21.190 > throttle1_pos: (none)
17:59:21.190 > throttle2_pos: (none)
17:59:21.190 > startup_countdown: not started
17:59:21.190 > motor_control_message_pacing: started
