19:11:17.894 > === ECU State ===
19:11:17.897 > car_fully_on: false
19:11:17.897 > start_switch_on: true
19:11:17.897 > brake_pressure: 1
19:11:17.897 > calculated_torque: 32
19:11:17.897 > throttle1_pos: (none)
19:11:17.897 > throttle2_pos: (none)
19:11:17.897 > startup_countdown: started
19:11:17.897 > motor_control_message_pacing: started
19:11:18.388 > === ECU State ===
19:11:18.397 > car_fully_on: true
19:11:18.397 > start_switch_on: true
19:11:18.397 > brake_pressure: 1
19:11:18.397 > calculated_torque: 32
19:11:18.397 > throttle1_pos: (none)
19:11:18.397 > throttle2_pos: (none)
19:11:18.397 > startup_countdown: not started
19:11:18.397 > motor_control_message_pacing: started
19:11:18.897 > === ECU State ===
19:11:18.897 > car_fully_on: true
19:11:18.897 > start_switch_on: true
19:11:18.897 > brake_pressure: 1
19:11:18.897 > calculated_torque: 46
19:11:18.897 > throttle1_pos: (none)
19:11:18.897 > throttle2_pos: (none)
19:11:18.897 > startup_countdown: not started
19:11:18.897 > motor_control_message_pacing: started
19:11:19.396 > === ECU State ===
19:11:19.396 > car_fully_on: true
19:11:19.396 > start_switch_on: true
19:11:19.396 > brake_pressure: 0
19:11:19.396 > calculated_torque: 33
19:11:19.396 > throttle1_pos: (none)
19:11:19.396 > throttle2_pos: (none)
19:11:19.396 > startup_countdown: not started
19:11:19.396 > motor_control_message_pacing: started
19:11:19.896 > === ECU State ===
19:11:19.897 > car_fully_on: true
19:11:19.897 > start_switch_on: true
19:11:19.897 > brake_pressure: 1
19:11:19.897 > calculated_torque: 32
19:11:19.897 > throttle1_pos: (none)
19:11:19.897 > throttle2_pos: (none)
19:11:19.897 > startup_countdown: not started
19:11:19.897 > motor_control_message_pacing: started
19:11:20.396 > === ECU State ===
19:11:20.397 > car_fully_on: true
19:11:20.397 > start_switch_on: true
19:11:20.397 > brake_pressure: 3
19:11:20.397 > calculated_torque: 33
19:11:20.397 > throttle1_pos: (none)
19:11:20.397 > throttle2_pos: (none)
19:11:20.397 > startup_countdown: not started
19:11:20.397 > motor_control_message_pacing: started
19:11:20.896 > === ECU State ===
19:11:20.896 > car_fully_on: true
19:11:20.896 > start_switch_on: true
19:11:20.896 > brake_pressure: 13
19:11:20.896 > calculated_torque: 32
19:11:20.896 > throttle1_pos: (none)
19:11:20.896 > throttle2_pos: (none)
19:11:20.896 > startup_countdown: not started
19:11:20.896 > motor_control_message_pacing: started
19:11:21.396 > === ECU State ===
19:11:21.396 > car_fully_on: true
19:11:21.396 > start_switch_on: true
19:11:21.396 > brake_pressure: 49
19:11:21.396 > calculated_torque: 32
19:11:21.396 > throttle1_pos: (none)
19:11:21.396 > throttle2_pos: (none)
19:11:21.396 > startup_countdown: not started
19:11:21.396 > motor_control_message_pacing: started
19:11:21.896 > === ECU State ===
19:11:21.896 > car_fully_on: true
19:11:21.896 > start_switch_on: true
19:11:21.896 > brake_pressure: 85
19:11:21.896 > calculated_torque: 33
19:11:21.896 > throttle1_pos: (none)
19:11:21.896 > throttle2_pos: (none)
19:11:21.896 > startup_countdown: not started
19:11:21.896 > motor_control_message_pacing: started
19:11:22.396 > === ECU State ===
19:11:22.396 > car_fully_on: true
19:11:22.396 > start_switch_on: true
19:11:22.396 > brake_pressure: 24
19:11:22.396 > calculated_torque: 32
19:11:22.396 > throttle1_pos: (none)
19:11:22.396 > throttle2_pos: (none)
19:11:22.396 > startup_countdown: not started
19:11:22.396 > motor_control_message_pacing: started
19:11:22.892 > === ECU State ===
19:11:22.892 > car_fully_on: true
19:11:22.892 > start_switch_on: true
19:11:22.892 > brake_pressure: 15
19:11:22.892 > calculated_torque: 32
19:11:22.892 > throttle1_pos: (none)
19:11:22.892 > throttle2_pos: (none)
19:11:22.892 > startup_countdown: not started
19:11:22.892 > motor_control_message_pacing: started
19:11:23.396 > === ECU State ===
19:11:23.396 > car_fully_on: true
19:11:23.396 > start_switch_on: true
19:11:23.396 > brake_pressure: 40
19:11:23.396 > calculated_torque: 32
19:11:23.396 > throttle1_pos: (none)
19:11:23.396 > throttle2_pos: (none)
19:11:23.396 > startup_countdown: not started
19:11:23.396 > motor_control_message_pacing: started
19:11:23.896 > === ECU State ===
19:11:23.896 > car_fully_on: true
19:11:23.896 > start_switch_on: true
19:11:23.896 > brake_pressure: 1
19:11:23.896 > calculated_torque: 34
19:11:23.896 > throttle1_pos: (none)
19:11:23.896 > throttle2_pos: (none)
19:11:23.896 > startup_countdown: not started
19:11:23.896 > motor_control_message_pacing: started
19:11:24.396 > === ECU State ===
19:11:24.396 > car_fully_on: true
19:11:24.396 > start_switch_on: true
19:11:24.396 > brake_pressure: 2
19:11:24.396 > calculated_torque: 40
19:11:24.396 > throttle1_pos: (none)
19:11:24.396 > throttle2_pos: (none)
19:11:24.396 > startup_countdown: not started
19:11:24.396 > motor_control_message_pacing: started
19:11:24.896 > === ECU State ===
19:11:24.896 > car_fully_on: true
19:11:24.896 > start_switch_on: true
19:11:24.896 > brake_pressure: 1
19:11:24.896 > calculated_torque: 39
19:11:24.896 > throttle1_pos: (none)
19:11:24.896 > throttle2_pos: (none)
19:11:24.896 > startup_countdown: not started
19:11:24.896 > motor_control_message_pacing: started
19:11:25.397 > === ECU State ===
19:11:25.397 > car_fully_on: true
19:11:25.397 > start_switch_on: true
19:11:25.397 > brake_pressure: 1
19:11:25.397 > calculated_torque: 40
19:11:25.397 > throttle1_pos: (none)
19:11:25.397 > throttle2_pos: (none)
19:11:25.397 > startup_countdown: not started
19:11:25.397 > motor_control_message_pacing: started
19:11:25.896 > === ECU State ===
19:11:25.896 > car_fully_on: true
19:11:25.896 > start_switch_on: true
19:11:25.896 > brake_pressure: 2
19:11:25.896 > calculated_torque: 40
19:11:25.896 > throttle1_pos: (none)
19:11:25.896 > throttle2_pos: (none)
19:11:25.896 > startup_countdown: not started
19:11:25.896 > motor_control_message_pacing: started
19:11:26.396 > === ECU State ===
19:11:26.396 > car_fully_on: true
19:11:26.396 > start_switch_on: true
19:11:26.396 > brake_pressure: 3
19:11:26.396 > calculated_torque: 45
19:11:26.396 > throttle1_pos: (none)
19:11:26.396 > throttle2_pos: (none)
19:11:26.396 > startup_countdown: not started
19:11:26.396 > motor_control_message_pacing: started
19:11:26.897 > === ECU State ===
19:11:26.897 > car_fully_on: true
19:11:26.897 > start_switch_on: true
19:11:26.897 > brake_pressure: 26
19:11:26.897 > calculated_torque: 44
19:11:26.897 > throttle1_pos: (none)
19:11:26.897 > throttle2_pos: (none)
19:11:26.897 > startup_countdown: not started
19:11:26.897 > motor_control_message_pacing: started
19:11:27.397 > === ECU State ===
19:11:27.397 > car_fully_on: true
19:11:27.397 > start_switch_on: true
19:11:27.397 > brake_pressure: 40
19:11:27.397 > calculated_torque: 44
19:11:27.397 > throttle1_pos: (none)
19:11:27.397 > throttle2_pos: (none)
19:11:27.397 > startup_countdown: not started
19:11:27.397 > motor_control_message_pacing: started
19:11:27.830 > Assertion failed! In file lib\common\ecu.cpp:36 with message 
19:11:28.833 > Assertion failed! In file lib\common\ecu.cpp:36 with message 
19:11:29.820 > Assertion failed! In file lib\common\ecu.cpp:36 with message 
19:11:30.825 > Assertion failed! In file lib\common\ecu.cpp:36 with message 
19:11:31.823 > Assertion failed! In file lib\common\ecu.cpp:36 with message 
19:11:32.820 > Assertion failed! In file lib\common\ecu.cpp:36 with message 
19:11:33.819 > Assertion failed! In file lib\common\ecu.cpp:36 with message 
19:11:34.830 > Assertion failed! In file lib\common\ecu.cpp:36 with message 
19:11:35.824 > Assertion failed! In file lib\common\ecu.cpp:36 with message 
19:11:36.826 > Assertion failed! In file lib\common\ecu.cpp:36 with message 
19:11:37.824 > Assertion failed! In file lib\common\ecu.cpp:36 with message 
19:11:38.827 > Assertion failed! In file lib\common\ecu.cpp:36 with message 
19:11:39.827 > Assertion failed! In file lib\common\ecu.cpp:36 with message 
19:11:40.833 > Assertion failed! In file lib\common\ecu.cpp:36 with message 
