19:18:17.957 > === ECU State ===
19:18:17.957 > car_fully_on: true
19:18:17.957 > start_switch_on: true
19:18:17.957 > brake_pressure: 25
19:18:17.957 > calculated_torque: 33
19:18:17.957 > throttle1_pos: (none)
19:18:17.957 > throttle2_pos: (none)
19:18:17.957 > startup_countdown: not started
19:18:17.957 > motor_control_message_pacing: started
19:18:18.451 > === ECU State ===
19:18:18.459 > car_fully_on: true
19:18:18.459 > start_switch_on: true
19:18:18.459 > brake_pressure: 37
19:18:18.459 > calculated_torque: 32
19:18:18.459 > throttle1_pos: (none)
19:18:18.459 > throttle2_pos: (none)
19:18:18.459 > startup_countdown: not started
19:18:18.459 > motor_control_message_pacing: started
19:18:18.948 > === ECU State ===
19:18:18.958 > car_fully_on: true
19:18:18.958 > start_switch_on: true
19:18:18.958 > brake_pressure: 50
19:18:18.958 > calculated_torque: 32
19:18:18.958 > throttle1_pos: (none)
19:18:18.958 > throttle2_pos: (none)
19:18:18.958 > startup_countdown: not started
19:18:18.958 > motor_control_message_pacing: started
19:18:19.451 > === ECU State ===
19:18:19.451 > car_fully_on: true
19:18:19.451 > start_switch_on: true
19:18:19.451 > brake_pressure: 27
19:18:19.451 > calculated_torque: 33
19:18:19.451 > throttle1_pos: (none)
19:18:19.451 > throttle2_pos: (none)
19:18:19.451 > startup_countdown: not started
19:18:19.451 > motor_control_message_pacing: started
19:18:19.959 > === ECU State ===
19:18:19.959 > car_fully_on: true
19:18:19.959 > start_switch_on: true
19:18:19.959 > brake_pressure: 1
19:18:19.959 > calculated_torque: 33
19:18:19.959 > throttle1_pos: (none)
19:18:19.959 > throttle2_pos: (none)
19:18:19.959 > startup_countdown: not started
19:18:19.959 > motor_control_message_pacing: started
19:18:20.453 > === ECU State ===
19:18:20.453 > car_fully_on: true
19:18:20.453 > start_switch_on: true
19:18:20.453 > brake_pressure: 1
19:18:20.453 > calculated_torque: 33
19:18:20.453 > throttle1_pos: (none)
19:18:20.453 > throttle2_pos: (none)
19:18:20.453 > startup_countdown: not started
19:18:20.453 > motor_control_message_pacing: started
19:18:20.958 > === ECU State ===
19:18:20.958 > car_fully_on: false
19:18:20.958 > start_switch_on: false
19:18:20.958 > brake_pressure: 1
19:18:20.958 > calculated_torque: 32
19:18:20.958 > throttle1_pos: (none)
19:18:20.958 > throttle2_pos: (none)
19:18:20.958 > startup_countdown: not started
19:18:20.958 > motor_control_message_pacing: started
19:18:21.455 > === ECU State ===
19:18:21.455 > car_fully_on: false
19:18:21.455 > start_switch_on: false
19:18:21.455 > brake_pressure: 1
19:18:21.455 > calculated_torque: 32
19:18:21.455 > throttle1_pos: (none)
19:18:21.455 > throttle2_pos: (none)
19:18:21.455 > startup_countdown: not started
19:18:21.455 > motor_control_message_pacing: started
19:18:21.955 > === ECU State ===
19:18:21.955 > car_fully_on: false
19:18:21.955 > start_switch_on: false
19:18:21.955 > brake_pressure: 1
19:18:21.955 > calculated_torque: 32
19:18:21.955 > throttle1_pos: (none)
19:18:21.955 > throttle2_pos: (none)
19:18:21.955 > startup_countdown: not started
19:18:21.955 > motor_control_message_pacing: started
19:18:22.450 > === ECU State ===
19:18:22.450 > car_fully_on: false
19:18:22.450 > start_switch_on: false
19:18:22.450 > brake_pressure: 0
19:18:22.450 > calculated_torque: 32
19:18:22.450 > throttle1_pos: (none)
19:18:22.450 > throttle2_pos: (none)
19:18:22.450 > startup_countdown: not started
19:18:22.450 > motor_control_message_pacing: started
19:18:22.946 > === ECU State ===
19:18:22.946 > car_fully_on: false
19:18:22.946 > start_switch_on: false
19:18:22.946 > brake_pressure: 1
19:18:22.946 > calculated_torque: 32
19:18:22.946 > throttle1_pos: (none)
19:18:22.946 > throttle2_pos: (none)
19:18:22.946 > startup_countdown: not started
19:18:22.946 > motor_control_message_pacing: started
19:18:23.450 > === ECU State ===
19:18:23.450 > car_fully_on: false
19:18:23.450 > start_switch_on: false
19:18:23.450 > brake_pressure: 1
19:18:23.450 > calculated_torque: 32
19:18:23.450 > throttle1_pos: (none)
19:18:23.450 > throttle2_pos: (none)
19:18:23.450 > startup_countdown: not started
19:18:23.450 > motor_control_message_pacing: started
19:18:23.953 > === ECU State ===
19:18:23.953 > car_fully_on: false
19:18:23.953 > start_switch_on: false
19:18:23.953 > brake_pressure: 1
19:18:23.953 > calculated_torque: 32
19:18:23.953 > throttle1_pos: (none)
19:18:23.953 > throttle2_pos: (none)
19:18:23.953 > startup_countdown: not started
19:18:23.953 > motor_control_message_pacing: started
19:18:24.457 > === ECU State ===
19:18:24.457 > car_fully_on: false
19:18:24.457 > start_switch_on: false
19:18:24.457 > brake_pressure: 1
19:18:24.457 > calculated_torque: 32
19:18:24.457 > throttle1_pos: (none)
19:18:24.457 > throttle2_pos: (none)
19:18:24.457 > startup_countdown: not started
19:18:24.457 > motor_control_message_pacing: started
19:18:24.948 > === ECU State ===
19:18:24.959 > car_fully_on: false
19:18:24.959 > start_switch_on: false
19:18:24.959 > brake_pressure: 1
19:18:24.959 > calculated_torque: 33
19:18:24.959 > throttle1_pos: (none)
19:18:24.959 > throttle2_pos: (none)
19:18:24.959 > startup_countdown: not started
19:18:24.959 > motor_control_message_pacing: started
19:18:25.455 > === ECU State ===
19:18:25.455 > car_fully_on: false
19:18:25.455 > start_switch_on: false
19:18:25.455 > brake_pressure: 1
19:18:25.455 > calculated_torque: 32
19:18:25.455 > throttle1_pos: (none)
19:18:25.455 > throttle2_pos: (none)
19:18:25.455 > startup_countdown: not started
19:18:25.455 > motor_control_message_pacing: started
19:18:25.957 > === ECU State ===
19:18:25.957 > car_fully_on: false
19:18:25.957 > start_switch_on: false
19:18:25.957 > brake_pressure: 1
19:18:25.957 > calculated_torque: 32
19:18:25.957 > throttle1_pos: (none)
19:18:25.957 > throttle2_pos: (none)
19:18:25.957 > startup_countdown: not started
19:18:25.957 > motor_control_message_pacing: started
19:18:26.457 > === ECU State ===
19:18:26.457 > car_fully_on: false
19:18:26.457 > start_switch_on: false
19:18:26.457 > brake_pressure: 1
19:18:26.457 > calculated_torque: 32
19:18:26.457 > throttle1_pos: (none)
19:18:26.457 > throttle2_pos: (none)
19:18:26.457 > startup_countdown: not started
19:18:26.457 > motor_control_message_pacing: started
19:18:26.946 > === ECU State ===
19:18:26.946 > car_fully_on: false
19:18:26.946 > start_switch_on: false
19:18:26.946 > brake_pressure: 2
19:18:26.946 > calculated_torque: 32
19:18:26.946 > throttle1_pos: (none)
19:18:26.946 > throttle2_pos: (none)
19:18:26.946 > startup_countdown: not started
19:18:26.946 > motor_control_message_pacing: started
19:18:27.455 > === ECU State ===
19:18:27.459 > car_fully_on: false
19:18:27.459 > start_switch_on: false
19:18:27.459 > brake_pressure: 1
19:18:27.459 > calculated_torque: 32
19:18:27.459 > throttle1_pos: (none)
19:18:27.459 > throttle2_pos: (none)
19:18:27.459 > startup_countdown: not started
19:18:27.459 > motor_control_message_pacing: started
19:18:27.951 > === ECU State ===
19:18:27.951 > car_fully_on: false
19:18:27.951 > start_switch_on: false
19:18:27.951 > brake_pressure: 1
19:18:27.951 > calculated_torque: 32
19:18:27.951 > throttle1_pos: (none)
19:18:27.951 > throttle2_pos: (none)
19:18:27.951 > startup_countdown: not started
19:18:27.951 > motor_control_message_pacing: started
19:18:28.450 > === ECU State ===
19:18:28.450 > car_fully_on: false
19:18:28.450 > start_switch_on: false
19:18:28.450 > brake_pressure: 1
19:18:28.450 > calculated_torque: 32
19:18:28.450 > throttle1_pos: (none)
19:18:28.450 > throttle2_pos: (none)
19:18:28.450 > startup_countdown: not started
19:18:28.450 > motor_control_message_pacing: started
19:18:28.957 > === ECU State ===
19:18:28.957 > car_fully_on: false
19:18:28.957 > start_switch_on: false
19:18:28.957 > brake_pressure: 1
19:18:28.957 > calculated_torque: 32
19:18:28.957 > throttle1_pos: (none)
19:18:28.957 > throttle2_pos: (none)
19:18:28.957 > startup_countdown: not started
19:18:28.957 > motor_control_message_pacing: started
19:18:29.458 > === ECU State ===
19:18:29.458 > car_fully_on: false
19:18:29.458 > start_switch_on: false
19:18:29.458 > brake_pressure: 1
19:18:29.458 > calculated_torque: 32
19:18:29.458 > throttle1_pos: (none)
19:18:29.458 > throttle2_pos: (none)
19:18:29.458 > startup_countdown: not started
19:18:29.458 > motor_control_message_pacing: started
19:18:29.952 > === ECU State ===
19:18:29.952 > car_fully_on: false
19:18:29.952 > start_switch_on: false
19:18:29.952 > brake_pressure: 1
19:18:29.952 > calculated_torque: 32
19:18:29.952 > throttle1_pos: (none)
19:18:29.952 > throttle2_pos: (none)
19:18:29.952 > startup_countdown: not started
19:18:29.952 > motor_control_message_pacing: started
19:18:30.455 > === ECU State ===
19:18:30.455 > car_fully_on: false
19:18:30.455 > start_switch_on: false
19:18:30.455 > brake_pressure: 1
19:18:30.455 > calculated_torque: 32
19:18:30.455 > throttle1_pos: (none)
19:18:30.455 > throttle2_pos: (none)
19:18:30.455 > startup_countdown: not started
19:18:30.455 > motor_control_message_pacing: started
19:18:30.955 > === ECU State ===
19:18:30.959 > car_fully_on: false
19:18:30.959 > start_switch_on: false
19:18:30.959 > brake_pressure: 1
19:18:30.959 > calculated_torque: 33
19:18:30.959 > throttle1_pos: (none)
19:18:30.959 > throttle2_pos: (none)
19:18:30.959 > startup_countdown: not started
19:18:30.959 > motor_control_message_pacing: started
19:18:31.458 > === ECU State ===
19:18:31.458 > car_fully_on: false
19:18:31.458 > start_switch_on: false
19:18:31.458 > brake_pressure: 1
19:18:31.458 > calculated_torque: 32
19:18:31.458 > throttle1_pos: (none)
19:18:31.458 > throttle2_pos: (none)
19:18:31.458 > startup_countdown: not started
19:18:31.458 > motor_control_message_pacing: started
19:18:31.955 > === ECU State ===
19:18:31.955 > car_fully_on: false
19:18:31.955 > start_switch_on: false
19:18:31.955 > brake_pressure: 1
19:18:31.955 > calculated_torque: 32
19:18:31.955 > throttle1_pos: (none)
19:18:31.955 > throttle2_pos: (none)
19:18:31.955 > startup_countdown: not started
19:18:31.955 > motor_control_message_pacing: started
19:18:32.458 > === ECU State ===
19:18:32.458 > car_fully_on: false
19:18:32.458 > start_switch_on: false
19:18:32.458 > brake_pressure: 0
19:18:32.458 > calculated_torque: 32
19:18:32.458 > throttle1_pos: (none)
19:18:32.458 > throttle2_pos: (none)
19:18:32.458 > startup_countdown: not started
19:18:32.458 > motor_control_message_pacing: started
19:18:32.953 > === ECU State ===
19:18:32.953 > car_fully_on: false
19:18:32.953 > start_switch_on: false
19:18:32.953 > brake_pressure: 1
19:18:32.953 > calculated_torque: 32
19:18:32.953 > throttle1_pos: (none)
19:18:32.953 > throttle2_pos: (none)
19:18:32.953 > startup_countdown: not started
19:18:32.953 > motor_control_message_pacing: started
19:18:33.457 > === ECU State ===
19:18:33.457 > car_fully_on: false
19:18:33.457 > start_switch_on: false
19:18:33.457 > brake_pressure: 2
19:18:33.457 > calculated_torque: 32
19:18:33.457 > throttle1_pos: (none)
19:18:33.457 > throttle2_pos: (none)
19:18:33.457 > startup_countdown: not started
19:18:33.457 > motor_control_message_pacing: started
19:18:33.955 > === ECU State ===
19:18:33.955 > car_fully_on: false
19:18:33.955 > start_switch_on: false
19:18:33.955 > brake_pressure: 0
19:18:33.955 > calculated_torque: 32
19:18:33.955 > throttle1_pos: (none)
19:18:33.955 > throttle2_pos: (none)
19:18:33.955 > startup_countdown: not started
19:18:33.955 > motor_control_message_pacing: started
19:18:34.458 > === ECU State ===
19:18:34.458 > car_fully_on: false
19:18:34.458 > start_switch_on: false
19:18:34.458 > brake_pressure: 1
19:18:34.458 > calculated_torque: 32
19:18:34.458 > throttle1_pos: (none)
19:18:34.458 > throttle2_pos: (none)
19:18:34.458 > startup_countdown: not started
19:18:34.458 > motor_control_message_pacing: started
19:18:34.957 > === ECU State ===
19:18:34.957 > car_fully_on: false
19:18:34.957 > start_switch_on: false
19:18:34.957 > brake_pressure: 2
19:18:34.957 > calculated_torque: 32
19:18:34.957 > throttle1_pos: (none)
19:18:34.957 > throttle2_pos: (none)
19:18:34.957 > startup_countdown: not started
19:18:34.957 > motor_control_message_pacing: started
19:18:35.458 > === ECU State ===
19:18:35.458 > car_fully_on: false
19:18:35.458 > start_switch_on: false
19:18:35.458 > brake_pressure: 1
19:18:35.458 > calculated_torque: 32
19:18:35.458 > throttle1_pos: (none)
19:18:35.458 > throttle2_pos: (none)
19:18:35.458 > startup_countdown: not started
19:18:35.458 > motor_control_message_pacing: started
19:18:35.958 > === ECU State ===
19:18:35.958 > car_fully_on: false
19:18:35.958 > start_switch_on: false
19:18:35.958 > brake_pressure: 1
19:18:35.958 > calculated_torque: 32
19:18:35.958 > throttle1_pos: (none)
19:18:35.958 > throttle2_pos: (none)
19:18:35.958 > startup_countdown: not started
19:18:35.958 > motor_control_message_pacing: started
19:18:36.455 > === ECU State ===
19:18:36.455 > car_fully_on: false
19:18:36.455 > start_switch_on: false
19:18:36.455 > brake_pressure: 1
19:18:36.455 > calculated_torque: 32
19:18:36.455 > throttle1_pos: (none)
19:18:36.455 > throttle2_pos: (none)
19:18:36.455 > startup_countdown: not started
19:18:36.455 > motor_control_message_pacing: started
19:18:36.947 > === ECU State ===
19:18:36.959 > car_fully_on: false
19:18:36.959 > start_switch_on: false
19:18:36.959 > brake_pressure: 1
19:18:36.959 > calculated_torque: 32
19:18:36.959 > throttle1_pos: (none)
19:18:36.959 > throttle2_pos: (none)
19:18:36.959 > startup_countdown: not started
19:18:36.959 > motor_control_message_pacing: started
19:18:37.458 > === ECU State ===
19:18:37.458 > car_fully_on: false
19:18:37.458 > start_switch_on: false
19:18:37.458 > brake_pressure: 1
19:18:37.458 > calculated_torque: 32
19:18:37.458 > throttle1_pos: (none)
19:18:37.458 > throttle2_pos: (none)
19:18:37.458 > startup_countdown: not started
19:18:37.458 > motor_control_message_pacing: started
19:18:37.955 > === ECU State ===
19:18:37.955 > car_fully_on: false
19:18:37.955 > start_switch_on: false
19:18:37.955 > brake_pressure: 1
19:18:37.955 > calculated_torque: 32
19:18:37.955 > throttle1_pos: (none)
19:18:37.955 > throttle2_pos: (none)
19:18:37.955 > startup_countdown: not started
19:18:37.955 > motor_control_message_pacing: started
19:18:38.457 > === ECU State ===
19:18:38.457 > car_fully_on: false
19:18:38.457 > start_switch_on: false
19:18:38.457 > brake_pressure: 1
19:18:38.457 > calculated_torque: 32
19:18:38.457 > throttle1_pos: (none)
19:18:38.457 > throttle2_pos: (none)
19:18:38.457 > startup_countdown: not started
19:18:38.457 > motor_control_message_pacing: started
19:18:38.958 > === ECU State ===
19:18:38.958 > car_fully_on: false
19:18:38.958 > start_switch_on: false
19:18:38.958 > brake_pressure: 1
19:18:38.958 > calculated_torque: 32
19:18:38.958 > throttle1_pos: (none)
19:18:38.958 > throttle2_pos: (none)
19:18:38.958 > startup_countdown: not started
19:18:38.958 > motor_control_message_pacing: started
19:18:39.455 > === ECU State ===
19:18:39.455 > car_fully_on: false
19:18:39.455 > start_switch_on: false
19:18:39.455 > brake_pressure: 2
19:18:39.455 > calculated_torque: 33
19:18:39.455 > throttle1_pos: (none)
19:18:39.455 > throttle2_pos: (none)
19:18:39.455 > startup_countdown: not started
19:18:39.455 > motor_control_message_pacing: started
19:18:39.958 > === ECU State ===
19:18:39.958 > car_fully_on: false
19:18:39.958 > start_switch_on: false
19:18:39.958 > brake_pressure: 1
19:18:39.958 > calculated_torque: 32
19:18:39.958 > throttle1_pos: (none)
19:18:39.958 > throttle2_pos: (none)
19:18:39.958 > startup_countdown: not started
19:18:39.958 > motor_control_message_pacing: started
19:18:40.446 > === ECU State ===
19:18:40.446 > car_fully_on: false
19:18:40.446 > start_switch_on: false
19:18:40.446 > brake_pressure: 1
19:18:40.446 > calculated_torque: 32
19:18:40.446 > throttle1_pos: (none)
19:18:40.446 > throttle2_pos: (none)
19:18:40.446 > startup_countdown: not started
19:18:40.446 > motor_control_message_pacing: started
19:18:40.958 > === ECU State ===
19:18:40.958 > car_fully_on: false
19:18:40.958 > start_switch_on: false
19:18:40.958 > brake_pressure: 0
19:18:40.958 > calculated_torque: 32
19:18:40.958 > throttle1_pos: (none)
19:18:40.958 > throttle2_pos: (none)
19:18:40.958 > startup_countdown: not started
19:18:40.958 > motor_control_message_pacing: started
19:18:41.446 > === ECU State ===
19:18:41.446 > car_fully_on: false
19:18:41.446 > start_switch_on: false
19:18:41.446 > brake_pressure: 0
19:18:41.446 > calculated_torque: 32
19:18:41.446 > throttle1_pos: (none)
19:18:41.446 > throttle2_pos: (none)
19:18:41.446 > startup_countdown: not started
19:18:41.446 > motor_control_message_pacing: started
19:18:41.948 > === ECU State ===
19:18:41.959 > car_fully_on: false
19:18:41.959 > start_switch_on: false
19:18:41.959 > brake_pressure: 1
19:18:41.959 > calculated_torque: 32
19:18:41.959 > throttle1_pos: (none)
19:18:41.959 > throttle2_pos: (none)
19:18:41.959 > startup_countdown: not started
19:18:41.959 > motor_control_message_pacing: started
19:18:42.449 > === ECU State ===
19:18:42.459 > car_fully_on: false
19:18:42.459 > start_switch_on: false
19:18:42.459 > brake_pressure: 1
19:18:42.459 > calculated_torque: 32
19:18:42.459 > throttle1_pos: (none)
19:18:42.459 > throttle2_pos: (none)
19:18:42.459 > startup_countdown: not started
19:18:42.459 > motor_control_message_pacing: started
19:18:42.949 > === ECU State ===
19:18:42.949 > car_fully_on: false
19:18:42.949 > start_switch_on: false
19:18:42.949 > brake_pressure: 1
19:18:42.949 > calculated_torque: 32
19:18:42.949 > throttle1_pos: (none)
19:18:42.949 > throttle2_pos: (none)
19:18:42.949 > startup_countdown: not started
19:18:42.949 > motor_control_message_pacing: started
19:18:43.454 > === ECU State ===
19:18:43.454 > car_fully_on: false
19:18:43.454 > start_switch_on: false
19:18:43.454 > brake_pressure: 2
19:18:43.454 > calculated_torque: 32
19:18:43.454 > throttle1_pos: (none)
19:18:43.454 > throttle2_pos: (none)
19:18:43.454 > startup_countdown: not started
19:18:43.454 > motor_control_message_pacing: started
19:18:43.959 > === ECU State ===
19:18:43.959 > car_fully_on: false
19:18:43.959 > start_switch_on: false
19:18:43.959 > brake_pressure: 2
19:18:43.959 > calculated_torque: 32
19:18:43.959 > throttle1_pos: (none)
19:18:43.959 > throttle2_pos: (none)
19:18:43.959 > startup_countdown: not started
19:18:43.959 > motor_control_message_pacing: started
19:18:44.458 > === ECU State ===
19:18:44.458 > car_fully_on: false
19:18:44.458 > start_switch_on: false
19:18:44.458 > brake_pressure: 1
19:18:44.458 > calculated_torque: 32
19:18:44.458 > throttle1_pos: (none)
19:18:44.458 > throttle2_pos: (none)
19:18:44.458 > startup_countdown: not started
19:18:44.458 > motor_control_message_pacing: started
19:18:44.954 > === ECU State ===
19:18:44.954 > car_fully_on: false
19:18:44.954 > start_switch_on: false
19:18:44.954 > brake_pressure: 2
19:18:44.954 > calculated_torque: 32
19:18:44.954 > throttle1_pos: (none)
19:18:44.954 > throttle2_pos: (none)
19:18:44.954 > startup_countdown: not started
19:18:44.954 > motor_control_message_pacing: started
19:18:45.455 > === ECU State ===
19:18:45.455 > car_fully_on: false
19:18:45.455 > start_switch_on: false
19:18:45.455 > brake_pressure: 2
19:18:45.455 > calculated_torque: 32
19:18:45.455 > throttle1_pos: (none)
19:18:45.455 > throttle2_pos: (none)
19:18:45.455 > startup_countdown: not started
19:18:45.455 > motor_control_message_pacing: started
19:18:45.958 > === ECU State ===
19:18:45.958 > car_fully_on: false
19:18:45.958 > start_switch_on: false
19:18:45.958 > brake_pressure: 2
19:18:45.958 > calculated_torque: 32
19:18:45.958 > throttle1_pos: (none)
19:18:45.958 > throttle2_pos: (none)
19:18:45.958 > startup_countdown: not started
19:18:45.958 > motor_control_message_pacing: started
19:18:46.455 > === ECU State ===
19:18:46.455 > car_fully_on: false
19:18:46.455 > start_switch_on: false
19:18:46.455 > brake_pressure: 2
19:18:46.455 > calculated_torque: 32
19:18:46.455 > throttle1_pos: (none)
19:18:46.455 > throttle2_pos: (none)
19:18:46.455 > startup_countdown: not started
19:18:46.455 > motor_control_message_pacing: started
19:18:46.947 > === ECU State ===
19:18:46.947 > car_fully_on: false
19:18:46.947 > start_switch_on: false
19:18:46.947 > brake_pressure: 2
19:18:46.947 > calculated_torque: 32
19:18:46.947 > throttle1_pos: (none)
19:18:46.947 > throttle2_pos: (none)
19:18:46.947 > startup_countdown: not started
19:18:46.947 > motor_control_message_pacing: started
19:18:47.458 > === ECU State ===
19:18:47.458 > car_fully_on: false
19:18:47.458 > start_switch_on: false
19:18:47.458 > brake_pressure: 2
19:18:47.458 > calculated_torque: 32
19:18:47.458 > throttle1_pos: (none)
19:18:47.458 > throttle2_pos: (none)
19:18:47.458 > startup_countdown: not started
19:18:47.458 > motor_control_message_pacing: started
19:18:47.956 > === ECU State ===
19:18:47.956 > car_fully_on: false
19:18:47.956 > start_switch_on: false
19:18:47.956 > brake_pressure: 2
19:18:47.956 > calculated_torque: 32
19:18:47.956 > throttle1_pos: (none)
19:18:47.956 > throttle2_pos: (none)
19:18:47.956 > startup_countdown: not started
19:18:47.956 > motor_control_message_pacing: started
19:18:48.458 > === ECU State ===
19:18:48.458 > car_fully_on: false
19:18:48.458 > start_switch_on: false
19:18:48.458 > brake_pressure: 2
19:18:48.458 > calculated_torque: 32
19:18:48.458 > throttle1_pos: (none)
19:18:48.458 > throttle2_pos: (none)
19:18:48.458 > startup_countdown: not started
19:18:48.458 > motor_control_message_pacing: started
19:18:48.955 > === ECU State ===
19:18:48.955 > car_fully_on: false
19:18:48.955 > start_switch_on: false
19:18:48.955 > brake_pressure: 2
19:18:48.955 > calculated_torque: 32
19:18:48.955 > throttle1_pos: (none)
19:18:48.955 > throttle2_pos: (none)
19:18:48.955 > startup_countdown: not started
19:18:48.955 > motor_control_message_pacing: started
19:18:49.454 > === ECU State ===
19:18:49.454 > car_fully_on: false
19:18:49.454 > start_switch_on: false
19:18:49.454 > brake_pressure: 2
19:18:49.454 > calculated_torque: 32
19:18:49.454 > throttle1_pos: (none)
19:18:49.454 > throttle2_pos: (none)
19:18:49.454 > startup_countdown: not started
19:18:49.454 > motor_control_message_pacing: started
19:18:49.958 > === ECU State ===
19:18:49.958 > car_fully_on: false
19:18:49.958 > start_switch_on: false
19:18:49.958 > brake_pressure: 2
19:18:49.958 > calculated_torque: 32
19:18:49.958 > throttle1_pos: (none)
19:18:49.958 > throttle2_pos: (none)
19:18:49.958 > startup_countdown: not started
19:18:49.958 > motor_control_message_pacing: started
19:18:50.449 > === ECU State ===
19:18:50.460 > car_fully_on: false
19:18:50.460 > start_switch_on: false
19:18:50.460 > brake_pressure: 2
19:18:50.460 > calculated_torque: 32
19:18:50.460 > throttle1_pos: (none)
19:18:50.460 > throttle2_pos: (none)
19:18:50.460 > startup_countdown: not started
19:18:50.460 > motor_control_message_pacing: started
19:18:50.958 > === ECU State ===
19:18:50.958 > car_fully_on: false
19:18:50.958 > start_switch_on: false
19:18:50.958 > brake_pressure: 2
19:18:50.958 > calculated_torque: 32
19:18:50.958 > throttle1_pos: (none)
19:18:50.958 > throttle2_pos: (none)
19:18:50.958 > startup_countdown: not started
19:18:50.958 > motor_control_message_pacing: started
19:18:51.458 > === ECU State ===
19:18:51.459 > car_fully_on: false
19:18:51.459 > start_switch_on: false
19:18:51.459 > brake_pressure: 2
19:18:51.459 > calculated_torque: 32
19:18:51.459 > throttle1_pos: (none)
19:18:51.459 > throttle2_pos: (none)
19:18:51.459 > startup_countdown: not started
19:18:51.459 > motor_control_message_pacing: started
19:18:51.954 > === ECU State ===
19:18:51.954 > car_fully_on: false
19:18:51.954 > start_switch_on: false
19:18:51.954 > brake_pressure: 2
19:18:51.954 > calculated_torque: 32
19:18:51.954 > throttle1_pos: (none)
19:18:51.954 > throttle2_pos: (none)
19:18:51.954 > startup_countdown: not started
19:18:51.954 > motor_control_message_pacing: started
19:18:52.454 > === ECU State ===
19:18:52.454 > car_fully_on: false
19:18:52.454 > start_switch_on: false
19:18:52.454 > brake_pressure: 2
19:18:52.454 > calculated_torque: 32
19:18:52.454 > throttle1_pos: (none)
19:18:52.454 > throttle2_pos: (none)
19:18:52.454 > startup_countdown: not started
19:18:52.454 > motor_control_message_pacing: started
19:18:52.959 > === ECU State ===
19:18:52.959 > car_fully_on: false
19:18:52.959 > start_switch_on: false
19:18:52.959 > brake_pressure: 2
19:18:52.959 > calculated_torque: 32
19:18:52.959 > throttle1_pos: (none)
19:18:52.959 > throttle2_pos: (none)
19:18:52.959 > startup_countdown: not started
19:18:52.959 > motor_control_message_pacing: started
19:18:53.458 > === ECU State ===
19:18:53.458 > car_fully_on: false
19:18:53.458 > start_switch_on: false
19:18:53.458 > brake_pressure: 2
19:18:53.458 > calculated_torque: 32
19:18:53.458 > throttle1_pos: (none)
19:18:53.458 > throttle2_pos: (none)
19:18:53.458 > startup_countdown: not started
19:18:53.458 > motor_control_message_pacing: started
19:18:53.950 > === ECU State ===
19:18:53.950 > car_fully_on: false
19:18:53.950 > start_switch_on: false
19:18:53.950 > brake_pressure: 2
19:18:53.950 > calculated_torque: 32
19:18:53.950 > throttle1_pos: (none)
19:18:53.950 > throttle2_pos: (none)
19:18:53.950 > startup_countdown: not started
19:18:53.950 > motor_control_message_pacing: started
19:18:54.458 > === ECU State ===
19:18:54.458 > car_fully_on: false
19:18:54.458 > start_switch_on: false
19:18:54.458 > brake_pressure: 2
19:18:54.458 > calculated_torque: 32
19:18:54.458 > throttle1_pos: (none)
19:18:54.458 > throttle2_pos: (none)
19:18:54.458 > startup_countdown: not started
19:18:54.458 > motor_control_message_pacing: started
19:18:54.954 > === ECU State ===
19:18:54.954 > car_fully_on: false
19:18:54.954 > start_switch_on: false
19:18:54.954 > brake_pressure: 2
19:18:54.954 > calculated_torque: 32
19:18:54.954 > throttle1_pos: (none)
19:18:54.954 > throttle2_pos: (none)
19:18:54.954 > startup_countdown: not started
19:18:54.954 > motor_control_message_pacing: started
19:18:55.458 > === ECU State ===
19:18:55.458 > car_fully_on: false
19:18:55.458 > start_switch_on: false
19:18:55.458 > brake_pressure: 2
19:18:55.458 > calculated_torque: 32
19:18:55.458 > throttle1_pos: (none)
19:18:55.458 > throttle2_pos: (none)
19:18:55.458 > startup_countdown: not started
19:18:55.458 > motor_control_message_pacing: started
19:18:55.955 > === ECU State ===
19:18:55.955 > car_fully_on: false
19:18:55.955 > start_switch_on: false
19:18:55.955 > brake_pressure: 2
19:18:55.955 > calculated_torque: 32
19:18:55.955 > throttle1_pos: (none)
19:18:55.955 > throttle2_pos: (none)
19:18:55.955 > startup_countdown: not started
19:18:55.955 > motor_control_message_pacing: started
19:18:56.458 > === ECU State ===
19:18:56.459 > car_fully_on: false
19:18:56.459 > start_switch_on: false
19:18:56.459 > brake_pressure: 2
19:18:56.459 > calculated_torque: 32
19:18:56.459 > throttle1_pos: (none)
19:18:56.459 > throttle2_pos: (none)
19:18:56.459 > startup_countdown: not started
19:18:56.459 > motor_control_message_pacing: started
19:18:56.955 > === ECU State ===
19:18:56.955 > car_fully_on: false
19:18:56.955 > start_switch_on: false
19:18:56.955 > brake_pressure: 2
19:18:56.955 > calculated_torque: 32
19:18:56.955 > throttle1_pos: (none)
19:18:56.955 > throttle2_pos: (none)
19:18:56.955 > startup_countdown: not started
19:18:56.955 > motor_control_message_pacing: started
19:18:57.446 > === ECU State ===
19:18:57.446 > car_fully_on: false
19:18:57.446 > start_switch_on: false
19:18:57.446 > brake_pressure: 2
19:18:57.446 > calculated_torque: 32
19:18:57.446 > throttle1_pos: 0
19:18:57.446 > throttle2_pos: (none)
19:18:57.446 > startup_countdown: not started
19:18:57.446 > motor_control_message_pacing: started
19:18:57.958 > === ECU State ===
19:18:57.958 > car_fully_on: false
19:18:57.958 > start_switch_on: false
19:18:57.958 > brake_pressure: 2
19:18:57.958 > calculated_torque: 32
19:18:57.958 > throttle1_pos: 0
19:18:57.958 > throttle2_pos: (none)
19:18:57.958 > startup_countdown: not started
19:18:57.958 > motor_control_message_pacing: started
19:18:58.458 > === ECU State ===
19:18:58.458 > car_fully_on: false
19:18:58.458 > start_switch_on: false
19:18:58.458 > brake_pressure: 2
19:18:58.458 > calculated_torque: 32
19:18:58.458 > throttle1_pos: 0
19:18:58.458 > throttle2_pos: (none)
19:18:58.458 > startup_countdown: not started
19:18:58.458 > motor_control_message_pacing: started
19:18:58.952 > === ECU State ===
19:18:58.952 > car_fully_on: false
19:18:58.952 > start_switch_on: false
19:18:58.952 > brake_pressure: 2
19:18:58.952 > calculated_torque: 32
19:18:58.952 > throttle1_pos: 0
19:18:58.952 > throttle2_pos: (none)
19:18:58.952 > startup_countdown: not started
19:18:58.952 > motor_control_message_pacing: started
19:18:59.458 > === ECU State ===
19:18:59.458 > car_fully_on: false
19:18:59.458 > start_switch_on: false
19:18:59.458 > brake_pressure: 2
19:18:59.458 > calculated_torque: 32
19:18:59.458 > throttle1_pos: 0
19:18:59.458 > throttle2_pos: (none)
19:18:59.458 > startup_countdown: not started
19:18:59.458 > motor_control_message_pacing: started
19:18:59.954 > === ECU State ===
19:18:59.954 > car_fully_on: false
19:18:59.954 > start_switch_on: false
19:18:59.954 > brake_pressure: 2
19:18:59.954 > calculated_torque: 32
19:18:59.954 > throttle1_pos: 0
19:18:59.954 > throttle2_pos: (none)
19:18:59.954 > startup_countdown: not started
19:18:59.954 > motor_control_message_pacing: started
19:19:00.458 > === ECU State ===
19:19:00.458 > car_fully_on: false
19:19:00.458 > start_switch_on: false
19:19:00.458 > brake_pressure: 2
19:19:00.458 > calculated_torque: 32
19:19:00.458 > throttle1_pos: 0
19:19:00.458 > throttle2_pos: (none)
19:19:00.458 > startup_countdown: not started
19:19:00.458 > motor_control_message_pacing: started
19:19:00.958 > === ECU State ===
19:19:00.958 > car_fully_on: false
19:19:00.958 > start_switch_on: false
19:19:00.958 > brake_pressure: 2
19:19:00.958 > calculated_torque: 32
19:19:00.958 > throttle1_pos: 0
19:19:00.958 > throttle2_pos: (none)
19:19:00.958 > startup_countdown: not started
19:19:00.958 > motor_control_message_pacing: started
19:19:01.458 > === ECU State ===
19:19:01.459 > car_fully_on: false
19:19:01.459 > start_switch_on: false
19:19:01.459 > brake_pressure: 2
19:19:01.459 > calculated_torque: 32
19:19:01.459 > throttle1_pos: 0
19:19:01.459 > throttle2_pos: (none)
19:19:01.459 > startup_countdown: not started
19:19:01.459 > motor_control_message_pacing: started
19:19:01.958 > === ECU State ===
19:19:01.958 > car_fully_on: false
19:19:01.958 > start_switch_on: false
19:19:01.958 > brake_pressure: 2
19:19:01.958 > calculated_torque: 32
19:19:01.958 > throttle1_pos: 0
19:19:01.958 > throttle2_pos: (none)
19:19:01.958 > startup_countdown: not started
19:19:01.958 > motor_control_message_pacing: started
19:19:02.458 > === ECU State ===
19:19:02.458 > car_fully_on: false
19:19:02.458 > start_switch_on: false
19:19:02.458 > brake_pressure: 2
19:19:02.458 > calculated_torque: 32
19:19:02.458 > throttle1_pos: 0
19:19:02.458 > throttle2_pos: (none)
19:19:02.458 > startup_countdown: not started
19:19:02.458 > motor_control_message_pacing: started
19:19:02.955 > === ECU State ===
19:19:02.955 > car_fully_on: false
19:19:02.955 > start_switch_on: false
19:19:02.955 > brake_pressure: 2
19:19:02.955 > calculated_torque: 32
19:19:02.955 > throttle1_pos: 0
19:19:02.955 > throttle2_pos: (none)
19:19:02.955 > startup_countdown: not started
19:19:02.955 > motor_control_message_pacing: started
19:19:03.451 > === ECU State ===
19:19:03.451 > car_fully_on: false
19:19:03.451 > start_switch_on: false
19:19:03.451 > brake_pressure: 2
19:19:03.451 > calculated_torque: 32
19:19:03.451 > throttle1_pos: 0
19:19:03.451 > throttle2_pos: (none)
19:19:03.451 > startup_countdown: not started
19:19:03.451 > motor_control_message_pacing: started
19:19:03.958 > === ECU State ===
19:19:03.958 > car_fully_on: false
19:19:03.958 > start_switch_on: false
19:19:03.958 > brake_pressure: 2
19:19:03.958 > calculated_torque: 32
19:19:03.958 > throttle1_pos: 0
19:19:03.958 > throttle2_pos: (none)
19:19:03.958 > startup_countdown: not started
19:19:03.958 > motor_control_message_pacing: started
19:19:04.458 > === ECU State ===
19:19:04.458 > car_fully_on: false
19:19:04.458 > start_switch_on: false
19:19:04.458 > brake_pressure: 2
19:19:04.458 > calculated_torque: 32
19:19:04.458 > throttle1_pos: 0
19:19:04.458 > throttle2_pos: (none)
19:19:04.458 > startup_countdown: not started
19:19:04.458 > motor_control_message_pacing: started
19:19:04.958 > === ECU State ===
19:19:04.958 > car_fully_on: false
19:19:04.958 > start_switch_on: false
19:19:04.958 > brake_pressure: 2
19:19:04.958 > calculated_torque: 32
19:19:04.958 > throttle1_pos: 0
19:19:04.958 > throttle2_pos: (none)
19:19:04.958 > startup_countdown: not started
19:19:04.958 > motor_control_message_pacing: started
19:19:05.458 > === ECU State ===
19:19:05.459 > car_fully_on: false
19:19:05.459 > start_switch_on: false
19:19:05.459 > brake_pressure: 2
19:19:05.459 > calculated_torque: 32
19:19:05.459 > throttle1_pos: 0
19:19:05.459 > throttle2_pos: (none)
19:19:05.459 > startup_countdown: not started
19:19:05.459 > motor_control_message_pacing: started
19:19:05.954 > === ECU State ===
19:19:05.954 > car_fully_on: false
19:19:05.954 > start_switch_on: false
19:19:05.954 > brake_pressure: 2
19:19:05.954 > calculated_torque: 32
19:19:05.954 > throttle1_pos: 0
19:19:05.954 > throttle2_pos: (none)
19:19:05.954 > startup_countdown: not started
19:19:05.954 > motor_control_message_pacing: started
19:19:06.458 > === ECU State ===
19:19:06.458 > car_fully_on: false
19:19:06.458 > start_switch_on: false
19:19:06.458 > brake_pressure: 2
19:19:06.458 > calculated_torque: 32
19:19:06.458 > throttle1_pos: 0
19:19:06.458 > throttle2_pos: (none)
19:19:06.458 > startup_countdown: not started
19:19:06.458 > motor_control_message_pacing: started
19:19:06.958 > === ECU State ===
19:19:06.958 > car_fully_on: false
19:19:06.958 > start_switch_on: false
19:19:06.958 > brake_pressure: 2
19:19:06.958 > calculated_torque: 32
19:19:06.958 > throttle1_pos: 0
19:19:06.958 > throttle2_pos: (none)
19:19:06.958 > startup_countdown: not started
19:19:06.958 > motor_control_message_pacing: started
19:19:07.449 > === ECU State ===
19:19:07.459 > car_fully_on: false
19:19:07.459 > start_switch_on: false
19:19:07.459 > brake_pressure: 2
19:19:07.459 > calculated_torque: 32
19:19:07.459 > throttle1_pos: 0
19:19:07.459 > throttle2_pos: (none)
19:19:07.459 > startup_countdown: not started
19:19:07.459 > motor_control_message_pacing: started
19:19:07.946 > === ECU State ===
19:19:07.959 > car_fully_on: false
19:19:07.959 > start_switch_on: false
19:19:07.959 > brake_pressure: 2
19:19:07.959 > calculated_torque: 32
19:19:07.959 > throttle1_pos: 0
19:19:07.959 > throttle2_pos: (none)
19:19:07.959 > startup_countdown: not started
19:19:07.959 > motor_control_message_pacing: started
19:19:08.457 > === ECU State ===
19:19:08.457 > car_fully_on: false
19:19:08.457 > start_switch_on: false
19:19:08.457 > brake_pressure: 2
19:19:08.457 > calculated_torque: 32
19:19:08.457 > throttle1_pos: 0
19:19:08.457 > throttle2_pos: (none)
19:19:08.457 > startup_countdown: not started
19:19:08.457 > motor_control_message_pacing: started
19:19:08.954 > === ECU State ===
19:19:08.954 > car_fully_on: false
19:19:08.954 > start_switch_on: false
19:19:08.954 > brake_pressure: 2
19:19:08.954 > calculated_torque: 32
19:19:08.954 > throttle1_pos: 0
19:19:08.954 > throttle2_pos: (none)
19:19:08.954 > startup_countdown: not started
19:19:08.954 > motor_control_message_pacing: started
19:19:09.458 > === ECU State ===
19:19:09.458 > car_fully_on: false
19:19:09.458 > start_switch_on: false
19:19:09.458 > brake_pressure: 2
19:19:09.458 > calculated_torque: 32
19:19:09.458 > throttle1_pos: 0
19:19:09.458 > throttle2_pos: (none)
19:19:09.458 > startup_countdown: not started
19:19:09.458 > motor_control_message_pacing: started
19:19:09.958 > === ECU State ===
19:19:09.958 > car_fully_on: false
19:19:09.958 > start_switch_on: false
19:19:09.958 > brake_pressure: 2
19:19:09.958 > calculated_torque: 32
19:19:09.958 > throttle1_pos: 0
19:19:09.958 > throttle2_pos: (none)
19:19:09.958 > startup_countdown: not started
19:19:09.958 > motor_control_message_pacing: started
19:19:10.458 > === ECU State ===
19:19:10.458 > car_fully_on: false
19:19:10.458 > start_switch_on: false
19:19:10.458 > brake_pressure: 2
19:19:10.458 > calculated_torque: 32
19:19:10.458 > throttle1_pos: 0
19:19:10.458 > throttle2_pos: (none)
19:19:10.458 > startup_countdown: not started
19:19:10.458 > motor_control_message_pacing: started
19:19:10.958 > === ECU State ===
19:19:10.958 > car_fully_on: false
19:19:10.958 > start_switch_on: false
19:19:10.958 > brake_pressure: 2
19:19:10.958 > calculated_torque: 32
19:19:10.958 > throttle1_pos: 0
19:19:10.958 > throttle2_pos: (none)
19:19:10.958 > startup_countdown: not started
19:19:10.958 > motor_control_message_pacing: started
19:19:11.452 > === ECU State ===
19:19:11.452 > car_fully_on: false
19:19:11.452 > start_switch_on: false
19:19:11.452 > brake_pressure: 2
19:19:11.452 > calculated_torque: 32
19:19:11.452 > throttle1_pos: 0
19:19:11.452 > throttle2_pos: (none)
19:19:11.452 > startup_countdown: not started
19:19:11.452 > motor_control_message_pacing: started
19:19:11.950 > === ECU State ===
19:19:11.950 > car_fully_on: false
19:19:11.950 > start_switch_on: false
19:19:11.950 > brake_pressure: 2
19:19:11.950 > calculated_torque: 32
19:19:11.950 > throttle1_pos: 0
19:19:11.950 > throttle2_pos: (none)
19:19:11.950 > startup_countdown: not started
19:19:11.950 > motor_control_message_pacing: started
19:19:12.446 > === ECU State ===
19:19:12.446 > car_fully_on: false
19:19:12.446 > start_switch_on: false
19:19:12.446 > brake_pressure: 2
19:19:12.446 > calculated_torque: 32
19:19:12.446 > throttle1_pos: 0
19:19:12.446 > throttle2_pos: (none)
19:19:12.446 > startup_countdown: not started
19:19:12.446 > motor_control_message_pacing: started
19:19:12.949 > === ECU State ===
19:19:12.959 > car_fully_on: false
19:19:12.959 > start_switch_on: false
19:19:12.959 > brake_pressure: 2
19:19:12.959 > calculated_torque: 32
19:19:12.959 > throttle1_pos: 0
19:19:12.959 > throttle2_pos: (none)
19:19:12.959 > startup_countdown: not started
19:19:12.959 > motor_control_message_pacing: started
19:19:13.458 > === ECU State ===
19:19:13.458 > car_fully_on: false
19:19:13.458 > start_switch_on: false
19:19:13.458 > brake_pressure: 2
19:19:13.458 > calculated_torque: 32
19:19:13.458 > throttle1_pos: 0
19:19:13.458 > throttle2_pos: (none)
19:19:13.458 > startup_countdown: not started
19:19:13.458 > motor_control_message_pacing: started
19:19:13.958 > === ECU State ===
19:19:13.958 > car_fully_on: false
19:19:13.958 > start_switch_on: false
19:19:13.958 > brake_pressure: 2
19:19:13.958 > calculated_torque: 32
19:19:13.958 > throttle1_pos: 0
19:19:13.958 > throttle2_pos: (none)
19:19:13.958 > startup_countdown: not started
19:19:13.958 > motor_control_message_pacing: started
19:19:14.456 > === ECU State ===
19:19:14.456 > car_fully_on: false
19:19:14.456 > start_switch_on: false
19:19:14.456 > brake_pressure: 2
19:19:14.456 > calculated_torque: 32
19:19:14.456 > throttle1_pos: 0
19:19:14.456 > throttle2_pos: (none)
19:19:14.456 > startup_countdown: not started
19:19:14.456 > motor_control_message_pacing: started
19:19:14.950 > === ECU State ===
19:19:14.950 > car_fully_on: false
19:19:14.950 > start_switch_on: false
19:19:14.950 > brake_pressure: 2
19:19:14.950 > calculated_torque: 32
19:19:14.950 > throttle1_pos: 0
19:19:14.950 > throttle2_pos: (none)
19:19:14.950 > startup_countdown: not started
19:19:14.950 > motor_control_message_pacing: started
19:19:15.458 > === ECU State ===
19:19:15.458 > car_fully_on: false
19:19:15.458 > start_switch_on: false
19:19:15.458 > brake_pressure: 2
19:19:15.458 > calculated_torque: 32
19:19:15.458 > throttle1_pos: 0
19:19:15.458 > throttle2_pos: (none)
19:19:15.458 > startup_countdown: not started
19:19:15.458 > motor_control_message_pacing: started
19:19:15.952 > === ECU State ===
19:19:15.952 > car_fully_on: false
19:19:15.952 > start_switch_on: false
19:19:15.952 > brake_pressure: 2
19:19:15.952 > calculated_torque: 32
19:19:15.952 > throttle1_pos: 0
19:19:15.952 > throttle2_pos: (none)
19:19:15.952 > startup_countdown: not started
19:19:15.952 > motor_control_message_pacing: started
19:19:16.459 > === ECU State ===
19:19:16.459 > car_fully_on: false
19:19:16.459 > start_switch_on: false
19:19:16.459 > brake_pressure: 2
19:19:16.459 > calculated_torque: 32
19:19:16.459 > throttle1_pos: 0
19:19:16.459 > throttle2_pos: (none)
19:19:16.459 > startup_countdown: not started
19:19:16.459 > motor_control_message_pacing: started
19:19:16.954 > === ECU State ===
19:19:16.959 > car_fully_on: false
19:19:16.959 > start_switch_on: false
19:19:16.959 > brake_pressure: 2
19:19:16.959 > calculated_torque: 32
19:19:16.959 > throttle1_pos: 0
19:19:16.959 > throttle2_pos: (none)
19:19:16.959 > startup_countdown: not started
19:19:16.959 > motor_control_message_pacing: started
19:19:17.457 > === ECU State ===
19:19:17.457 > car_fully_on: false
19:19:17.457 > start_switch_on: false
19:19:17.457 > brake_pressure: 2
19:19:17.457 > calculated_torque: 32
19:19:17.457 > throttle1_pos: 0
19:19:17.457 > throttle2_pos: (none)
19:19:17.457 > startup_countdown: not started
19:19:17.457 > motor_control_message_pacing: started
19:19:17.958 > === ECU State ===
19:19:17.958 > car_fully_on: false
19:19:17.958 > start_switch_on: false
19:19:17.958 > brake_pressure: 2
19:19:17.958 > calculated_torque: 32
19:19:17.958 > throttle1_pos: 0
19:19:17.958 > throttle2_pos: (none)
19:19:17.958 > startup_countdown: not started
19:19:17.958 > motor_control_message_pacing: started
19:19:18.458 > === ECU State ===
19:19:18.458 > car_fully_on: false
19:19:18.458 > start_switch_on: false
19:19:18.458 > brake_pressure: 2
19:19:18.458 > calculated_torque: 32
19:19:18.458 > throttle1_pos: 0
19:19:18.458 > throttle2_pos: (none)
19:19:18.458 > startup_countdown: not started
19:19:18.458 > motor_control_message_pacing: started
19:19:18.958 > === ECU State ===
19:19:18.958 > car_fully_on: false
19:19:18.958 > start_switch_on: false
19:19:18.958 > brake_pressure: 2
19:19:18.958 > calculated_torque: 32
19:19:18.958 > throttle1_pos: 0
19:19:18.958 > throttle2_pos: (none)
19:19:18.958 > startup_countdown: not started
19:19:18.958 > motor_control_message_pacing: started
19:19:19.457 > === ECU State ===
19:19:19.457 > car_fully_on: false
19:19:19.457 > start_switch_on: false
19:19:19.457 > brake_pressure: 2
19:19:19.457 > calculated_torque: 32
19:19:19.457 > throttle1_pos: 0
19:19:19.457 > throttle2_pos: (none)
19:19:19.457 > startup_countdown: not started
19:19:19.457 > motor_control_message_pacing: started
19:19:19.954 > === ECU State ===
19:19:19.959 > car_fully_on: false
19:19:19.959 > start_switch_on: false
19:19:19.959 > brake_pressure: 2
19:19:19.959 > calculated_torque: 32
19:19:19.959 > throttle1_pos: 0
19:19:19.959 > throttle2_pos: (none)
19:19:19.959 > startup_countdown: not started
19:19:19.959 > motor_control_message_pacing: started
19:19:20.458 > === ECU State ===
19:19:20.458 > car_fully_on: false
19:19:20.458 > start_switch_on: false
19:19:20.458 > brake_pressure: 2
19:19:20.458 > calculated_torque: 32
19:19:20.458 > throttle1_pos: 0
19:19:20.458 > throttle2_pos: (none)
19:19:20.458 > startup_countdown: not started
19:19:20.458 > motor_control_message_pacing: started
19:19:20.949 > === ECU State ===
19:19:20.960 > car_fully_on: false
19:19:20.960 > start_switch_on: false
19:19:20.960 > brake_pressure: 2
19:19:20.960 > calculated_torque: 32
19:19:20.960 > throttle1_pos: 0
19:19:20.960 > throttle2_pos: (none)
19:19:20.960 > startup_countdown: not started
19:19:20.960 > motor_control_message_pacing: started
19:19:21.458 > === ECU State ===
19:19:21.458 > car_fully_on: false
19:19:21.458 > start_switch_on: false
19:19:21.458 > brake_pressure: 2
19:19:21.458 > calculated_torque: 32
19:19:21.458 > throttle1_pos: 0
19:19:21.458 > throttle2_pos: (none)
19:19:21.458 > startup_countdown: not started
19:19:21.458 > motor_control_message_pacing: started
19:19:21.957 > === ECU State ===
19:19:21.957 > car_fully_on: false
19:19:21.957 > start_switch_on: false
19:19:21.957 > brake_pressure: 2
19:19:21.957 > calculated_torque: 32
19:19:21.957 > throttle1_pos: 0
19:19:21.957 > throttle2_pos: (none)
19:19:21.957 > startup_countdown: not started
19:19:21.957 > motor_control_message_pacing: started
19:19:22.458 > === ECU State ===
19:19:22.458 > car_fully_on: false
19:19:22.458 > start_switch_on: false
19:19:22.458 > brake_pressure: 2
19:19:22.458 > calculated_torque: 32
19:19:22.458 > throttle1_pos: 0
19:19:22.458 > throttle2_pos: (none)
19:19:22.458 > startup_countdown: not started
19:19:22.458 > motor_control_message_pacing: started
19:19:22.958 > === ECU State ===
19:19:22.958 > car_fully_on: false
19:19:22.958 > start_switch_on: false
19:19:22.958 > brake_pressure: 2
19:19:22.958 > calculated_torque: 32
19:19:22.958 > throttle1_pos: 0
19:19:22.958 > throttle2_pos: (none)
19:19:22.958 > startup_countdown: not started
19:19:22.958 > motor_control_message_pacing: started
19:19:23.446 > === ECU State ===
19:19:23.460 > car_fully_on: false
19:19:23.460 > start_switch_on: false
19:19:23.460 > brake_pressure: 2
19:19:23.460 > calculated_torque: 32
19:19:23.460 > throttle1_pos: 0
19:19:23.460 > throttle2_pos: (none)
19:19:23.460 > startup_countdown: not started
19:19:23.460 > motor_control_message_pacing: started
19:19:23.946 > === ECU State ===
19:19:23.946 > car_fully_on: false
19:19:23.946 > start_switch_on: false
19:19:23.946 > brake_pressure: 2
19:19:23.946 > calculated_torque: 32
19:19:23.946 > throttle1_pos: 0
19:19:23.946 > throttle2_pos: (none)
19:19:23.946 > startup_countdown: not started
19:19:23.946 > motor_control_message_pacing: started
19:19:24.458 > === ECU State ===
19:19:24.458 > car_fully_on: false
19:19:24.458 > start_switch_on: false
19:19:24.458 > brake_pressure: 2
19:19:24.458 > calculated_torque: 32
19:19:24.458 > throttle1_pos: 0
19:19:24.458 > throttle2_pos: (none)
19:19:24.458 > startup_countdown: not started
19:19:24.458 > motor_control_message_pacing: started
19:19:24.954 > === ECU State ===
19:19:24.959 > car_fully_on: false
19:19:24.959 > start_switch_on: false
19:19:24.959 > brake_pressure: 2
19:19:24.959 > calculated_torque: 32
19:19:24.959 > throttle1_pos: 0
19:19:24.959 > throttle2_pos: (none)
19:19:24.959 > startup_countdown: not started
19:19:24.959 > motor_control_message_pacing: started
